  ECSManager.cpp
  JobSystem.cpp
  Registry.cpp
  Generating Code...
  ECS.vcxproj -> C:\Users\User\Desktop\Projects\MultiStation\ECS\Library\Debug\Win32\ECS.lib
  C:/Users/User/Desktop/Projects/MultiStation/ECS/Source/VersionControl/VersionControl.hpp:7: warning: Compound MultiStation::VersionControl is not documented.
  Doxygen version used: 1.15.0 (7cca38ba5185457e6d9495bf963d4cdeacebc25a)
  Searching for include files...
  Searching for example files...
  Searching for images...
  Searching for dot files...
  Searching for msc files...
  Searching for dia files...
  Searching for plantuml files...
  Searching for files to exclude
  Searching INPUT for files to process...
  Searching for files in directory C:/Users/User/Desktop/Projects/MultiStation/ECS/Source/
  Searching for files in directory C:/Users/User/Desktop/Projects/MultiStation/ECS/Source/ComponentArray
  Searching for files in directory C:/Users/User/Desktop/Projects/MultiStation/ECS/Source/ECSManager
  Searching for files in directory C:/Users/User/Desktop/Projects/MultiStation/ECS/Source/Interfaces
  Searching for files in directory C:/Users/User/Desktop/Projects/MultiStation/ECS/Source/JobSystem
  Searching for files in directory C:/Users/User/Desktop/Projects/MultiStation/ECS/Source/Registry
  Searching for files in directory C:/Users/User/Desktop/Projects/MultiStation/ECS/Source/VersionControl
  Reading and parsing tag files
  Parsing files
  Preprocessing C:/Users/User/Desktop/Projects/MultiStation/ECS/Source/ComponentArray/ComponentArray.hpp...
  Parsing file C:/Users/User/Desktop/Projects/MultiStation/ECS/Source/ComponentArray/ComponentArray.hpp...
  Preprocessing C:/Users/User/Desktop/Projects/MultiStation/ECS/Source/ECSManager/ECSManager.hpp...
  Parsing file C:/Users/User/Desktop/Projects/MultiStation/ECS/Source/ECSManager/ECSManager.hpp...
  Preprocessing C:/Users/User/Desktop/Projects/MultiStation/ECS/Source/ECSManager/ECSTemplateImpl.hpp...
  Parsing file C:/Users/User/Desktop/Projects/MultiStation/ECS/Source/ECSManager/ECSTemplateImpl.hpp...
  Preprocessing C:/Users/User/Desktop/Projects/MultiStation/ECS/Source/Init.hpp...
  Parsing file C:/Users/User/Desktop/Projects/MultiStation/ECS/Source/Init.hpp...
  Preprocessing C:/Users/User/Desktop/Projects/MultiStation/ECS/Source/Interfaces/IComponentArray.hpp...
  Parsing file C:/Users/User/Desktop/Projects/MultiStation/ECS/Source/Interfaces/IComponentArray.hpp...
  Preprocessing C:/Users/User/Desktop/Projects/MultiStation/ECS/Source/JobSystem/Job.hpp...
  Parsing file C:/Users/User/Desktop/Projects/MultiStation/ECS/Source/JobSystem/Job.hpp...
  Preprocessing C:/Users/User/Desktop/Projects/MultiStation/ECS/Source/JobSystem/JobSystem.hpp...
  Parsing file C:/Users/User/Desktop/Projects/MultiStation/ECS/Source/JobSystem/JobSystem.hpp...
  Preprocessing C:/Users/User/Desktop/Projects/MultiStation/ECS/Source/Registry/Registry.hpp...
  Parsing file C:/Users/User/Desktop/Projects/MultiStation/ECS/Source/Registry/Registry.hpp...
  Preprocessing C:/Users/User/Desktop/Projects/MultiStation/ECS/Source/VersionControl/VersionControl.hpp...
  Parsing file C:/Users/User/Desktop/Projects/MultiStation/ECS/Source/VersionControl/VersionControl.hpp...
  Building macro definition list...
  Building group list...
  Building directory list...
  Building namespace list...
  Building file list...
  Building class list...
  Building concept list...
  Computing nesting relations for classes...
  Associating documentation with classes...
  Associating documentation with concepts...
  Associating documentation with modules...
  Building example list...
  Searching for enumerations...
  Searching for documented typedefs...
  Searching for members imported via using declarations...
  Searching for included using directives...
  Searching for documented variables...
  Building interface member list...
  Building member list...
  Searching for friends...
  Searching for documented defines...
  Computing class inheritance relations...
  Computing class usage relations...
  Flushing cached template relations that have become invalid...
  Warn for undocumented namespaces...
  Computing class relations...
  Add enum values to enums...
  Searching for member function documentation...
  Creating members for template instances...
  Building page list...
  Search for main page...
  Computing page relations...
  Determining the scope of groups...
  Computing module relations...
  Sorting lists...
  Determining which enums are documented
  Computing member relations...
  C:/Users/User/Desktop/Projects/MultiStation/ECS/Source/JobSystem/Job.hpp:61: warning: documented symbol 'MultiStation::Job::std::shared_ptr' was not declared or defined.
  C:/Users/User/Desktop/Projects/MultiStation/ECS/Source/Registry/Registry.hpp:11: warning: Unsupported xml/html tag <T> found
  C:/Users/User/Desktop/Projects/MultiStation/ECS/Source/ECSManager/ECSManager.hpp:207: warning: Member PollOperations(void) (function) of class MultiStation::ECSManager is not documented.
  C:/Users/User/Desktop/Projects/MultiStation/ECS/Source/ECSManager/ECSManager.hpp:210: warning: Member DoRemoveEntity(uint32_t entity) (function) of class MultiStation::ECSManager is not documented.
  C:/Users/User/Desktop/Projects/MultiStation/ECS/Source/ECSManager/ECSManager.hpp:213: warning: Member DoCreateEntity(uint32_t entity) (function) of class MultiStation::ECSManager is not documented.
  C:/Users/User/Desktop/Projects/MultiStation/ECS/Source/JobSystem/Job.hpp:30: warning: Member Job(const Job &cpy) noexcept=default (function) of struct MultiStation::Job is not documented.
  C:/Users/User/Desktop/Projects/MultiStation/ECS/Source/JobSystem/Job.hpp:31: warning: Member operator=(const Job &cpy) noexcept=default (function) of struct MultiStation::Job is not documented.
  C:/Users/User/Desktop/Projects/MultiStation/ECS/Source/JobSystem/Job.hpp:32: warning: Member Job(Job &&move) noexcept=default (function) of struct MultiStation::Job is not documented.
  C:/Users/User/Desktop/Projects/MultiStation/ECS/Source/JobSystem/Job.hpp:33: warning: Member operator=(Job &&move) noexcept=default (function) of struct MultiStation::Job is not documented.
  C:/Users/User/Desktop/Projects/MultiStation/ECS/Source/JobSystem/Job.hpp:65: warning: Member counter (variable) of struct MultiStation::Job is not documented.
  C:/Users/User/Desktop/Projects/MultiStation/ECS/Source/JobSystem/Job.hpp:67: warning: Member name[64] (variable) of struct MultiStation::Job is not documented.
  C:/Users/User/Desktop/Projects/MultiStation/ECS/Source/JobSystem/JobSystem.hpp:78: warning: End of list marker found without any preceding list items
  C:/Users/User/Desktop/Projects/MultiStation/ECS/Source/JobSystem/JobSystem.hpp:62: warning: End of list marker found without any preceding list items
  C:/Users/User/Desktop/Projects/MultiStation/ECS/Source/VersionControl/VersionControl.hpp:20: warning: Member GetVersion(void) const (function) of class MultiStation::VersionControl is not documented.
  C:/Users/User/Desktop/Projects/MultiStation/ECS/Source/VersionControl/VersionControl.hpp:23: warning: Member IncrementVersion(void) (function) of class MultiStation::VersionControl is not documented.
  Building full member lists recursively...
  Adding members to member groups.
  Computing member references...
  Inheriting documentation...
  Generating disk names...
  Adding source references...
  Adding xrefitems...
  Sorting member lists...
  Setting anonymous enum type...
  Computing dependencies between directories...
  Generating citations page...
  Counting members...
  Counting data structures...
  Resolving user defined references...
  Finding anchors and sections in the documentation...
  Transferring function references...
  Combining using relations...
  Adding members to index pages...
  Correcting members for VHDL...
  Computing tooltip texts...
  Generating style sheet...
  Generating search indices...
  Generating example documentation...
  Generating file sources...
  Generating code for file Source/ComponentArray/ComponentArray.hpp...
  Generating code for file Source/ECSManager/ECSManager.hpp...
  Generating code for file Source/ECSManager/ECSTemplateImpl.hpp...
  Generating code for file Source/Init.hpp...
  Generating code for file Source/Interfaces/IComponentArray.hpp...
  Generating code for file Source/JobSystem/Job.hpp...
  Generating code for file Source/JobSystem/JobSystem.hpp...
  Generating code for file Source/Registry/Registry.hpp...
  Generating code for file Source/VersionControl/VersionControl.hpp...
  Generating file documentation...
  Generating docs for file Source/ECSManager/ECSManager.hpp...
  Generating docs for file Source/JobSystem/JobSystem.hpp...
  Generating page documentation...
  Generating group documentation...
  Generating class documentation...
  Generating concept documentation...
  Generating module documentation...
  Generating namespace documentation...
  Generating docs for namespace MultiStation
  Generating docs for compound MultiStation::ComponentArray< T >...
  Generating docs for compound MultiStation::ECSManager...
  Generating docs for compound MultiStation::IComponentArray...
  Generating docs for compound MultiStation::Job...
  Generating docs for compound MultiStation::JobSystem...
  Generating docs for compound MultiStation::Registry...
  Generating docs for compound MultiStation::VersionControl...
  Generating graph info page...
  Generating directory documentation...
  Generating index page...
  Generating page index...
  Generating topic index...
  Generating module index...
  Generating module member index...
  Generating namespace index...
  Generating namespace member index...
  Generating concept index...
  Generating annotated compound index...
  Generating alphabetical compound index...
  Generating hierarchical class index...
  Generating member index...
  Generating file index...
  Generating file member index...
  Generating example index...
  finalizing index lists...
  writing tag file...
  Running plantuml with JAVA...
  type lookup cache used 83/65536 hits=230 misses=93
  symbol lookup cache used 277/65536 hits=2415 misses=277
  finished...
