c:\users\user\desktop\projects\multistation\glfw\library\release\win32\glfw.pdb
c:\users\user\desktop\projects\multistation\glfw\objects\release\win32\win32_window.obj
c:\users\user\desktop\projects\multistation\glfw\objects\release\win32\win32_time.obj
c:\users\user\desktop\projects\multistation\glfw\objects\release\win32\win32_thread.obj
c:\users\user\desktop\projects\multistation\glfw\objects\release\win32\win32_monitor.obj
c:\users\user\desktop\projects\multistation\glfw\objects\release\win32\win32_module.obj
c:\users\user\desktop\projects\multistation\glfw\objects\release\win32\win32_joystick.obj
c:\users\user\desktop\projects\multistation\glfw\objects\release\win32\win32_init.obj
c:\users\user\desktop\projects\multistation\glfw\objects\release\win32\wgl_context.obj
c:\users\user\desktop\projects\multistation\glfw\objects\release\win32\vulkan.obj
c:\users\user\desktop\projects\multistation\glfw\objects\release\win32\platform.obj
c:\users\user\desktop\projects\multistation\glfw\objects\release\win32\osmesa_context.obj
c:\users\user\desktop\projects\multistation\glfw\objects\release\win32\null_window.obj
c:\users\user\desktop\projects\multistation\glfw\objects\release\win32\null_monitor.obj
c:\users\user\desktop\projects\multistation\glfw\objects\release\win32\null_joystick.obj
c:\users\user\desktop\projects\multistation\glfw\objects\release\win32\null_init.obj
c:\users\user\desktop\projects\multistation\glfw\objects\release\win32\monitor.obj
c:\users\user\desktop\projects\multistation\glfw\objects\release\win32\input.obj
c:\users\user\desktop\projects\multistation\glfw\objects\release\win32\init.obj
c:\users\user\desktop\projects\multistation\glfw\objects\release\win32\egl_context.obj
c:\users\user\desktop\projects\multistation\glfw\objects\release\win32\context.obj
c:\users\user\desktop\projects\multistation\glfw\objects\release\win32\window.obj
c:\users\user\desktop\projects\multistation\glfw\library\release\win32\glfw.lib
c:\users\user\desktop\projects\multistation\glfw\objects\release\win32\glfw.vcxproj.filelistabsolute.txt
c:\users\user\desktop\projects\multistation\glfw\objects\release\win32\glfw.tlog\cl.command.1.tlog
c:\users\user\desktop\projects\multistation\glfw\objects\release\win32\glfw.tlog\cl.items.tlog
c:\users\user\desktop\projects\multistation\glfw\objects\release\win32\glfw.tlog\cl.read.1.tlog
c:\users\user\desktop\projects\multistation\glfw\objects\release\win32\glfw.tlog\cl.write.1.tlog
c:\users\user\desktop\projects\multistation\glfw\objects\release\win32\glfw.tlog\lib-link.write.1.tlog
c:\users\user\desktop\projects\multistation\glfw\objects\release\win32\glfw.tlog\lib.command.1.tlog
c:\users\user\desktop\projects\multistation\glfw\objects\release\win32\glfw.tlog\lib.read.1.tlog
