  ECSManager.cpp
  ISystem.cpp
  Registry.cpp
  SystemManager.cpp
C:\Users\User\Desktop\Projects\MultiStation\ECS\Source\SystemManager\SystemManager.cpp(71,26): warning C4305: 'argument': truncation from 'double' to 'float'
C:\Program Files\Microsoft Visual Studio\2022\Community\VC\Tools\MSVC\14.43.34808\include\xutility(492,85): warning C4244: 'argument': conversion from '_Ty' to 'uint32_t', possible loss of data
C:\Program Files\Microsoft Visual Studio\2022\Community\VC\Tools\MSVC\14.43.34808\include\xutility(492,85): warning C4244:         with
C:\Program Files\Microsoft Visual Studio\2022\Community\VC\Tools\MSVC\14.43.34808\include\xutility(492,85): warning C4244:         [
C:\Program Files\Microsoft Visual Studio\2022\Community\VC\Tools\MSVC\14.43.34808\include\xutility(492,85): warning C4244:             _Ty=float
C:\Program Files\Microsoft Visual Studio\2022\Community\VC\Tools\MSVC\14.43.34808\include\xutility(492,85): warning C4244:         ]
  (compiling source file 'Source/SystemManager/SystemManager.cpp')
      C:\Program Files\Microsoft Visual Studio\2022\Community\VC\Tools\MSVC\14.43.34808\include\xutility(492,85):
      the template instantiation context (the oldest one first) is
          C:\Users\User\Desktop\Projects\MultiStation\ECS\Source\SystemManager\SystemManager.cpp(7,22):
          see reference to function template instantiation 'std::shared_ptr<MultiStation::JobSystem> std::make_shared<MultiStation::JobSystem,float>(float &&)' being compiled
          C:\Program Files\Microsoft Visual Studio\2022\Community\VC\Tools\MSVC\14.43.34808\include\memory(2903,46):
          see reference to function template instantiation 'std::_Ref_count_obj2<MultiStation::JobSystem>::_Ref_count_obj2<_Ty>(_Ty &&)' being compiled
          with
          [
              _Ty=float
          ]
          C:\Program Files\Microsoft Visual Studio\2022\Community\VC\Tools\MSVC\14.43.34808\include\memory(2092,18):
          see reference to function template instantiation 'void std::_Construct_in_place<_Ty,float>(_Ty &,float &&) noexcept' being compiled
          with
          [
              _Ty=MultiStation::JobSystem
          ]
          C:\Program Files\Microsoft Visual Studio\2022\Community\VC\Tools\MSVC\14.43.34808\include\xutility(502,14):
          see reference to function template instantiation '_Ty *std::construct_at<_Ty,float>(_Ty *const ,float &&) noexcept(<expr>)' being compiled
          with
          [
              _Ty=MultiStation::JobSystem
          ]
  
C:\Program Files\Microsoft Visual Studio\2022\Community\VC\Tools\MSVC\14.43.34808\include\xutility(506,82): warning C4244: 'argument': conversion from '_Ty' to 'uint32_t', possible loss of data
C:\Program Files\Microsoft Visual Studio\2022\Community\VC\Tools\MSVC\14.43.34808\include\xutility(506,82): warning C4244:         with
C:\Program Files\Microsoft Visual Studio\2022\Community\VC\Tools\MSVC\14.43.34808\include\xutility(506,82): warning C4244:         [
C:\Program Files\Microsoft Visual Studio\2022\Community\VC\Tools\MSVC\14.43.34808\include\xutility(506,82): warning C4244:             _Ty=float
C:\Program Files\Microsoft Visual Studio\2022\Community\VC\Tools\MSVC\14.43.34808\include\xutility(506,82): warning C4244:         ]
  (compiling source file 'Source/SystemManager/SystemManager.cpp')
  
C:\Program Files\Microsoft Visual Studio\2022\Community\VC\Tools\MSVC\14.43.34808\include\xutility(493,90): warning C4244: 'argument': conversion from '_Ty' to 'uint32_t', possible loss of data
C:\Program Files\Microsoft Visual Studio\2022\Community\VC\Tools\MSVC\14.43.34808\include\xutility(493,90): warning C4244:         with
C:\Program Files\Microsoft Visual Studio\2022\Community\VC\Tools\MSVC\14.43.34808\include\xutility(493,90): warning C4244:         [
C:\Program Files\Microsoft Visual Studio\2022\Community\VC\Tools\MSVC\14.43.34808\include\xutility(493,90): warning C4244:             _Ty=float
C:\Program Files\Microsoft Visual Studio\2022\Community\VC\Tools\MSVC\14.43.34808\include\xutility(493,90): warning C4244:         ]
  (compiling source file 'Source/SystemManager/SystemManager.cpp')
      C:\Program Files\Microsoft Visual Studio\2022\Community\VC\Tools\MSVC\14.43.34808\include\xutility(493,90):
      the template instantiation context (the oldest one first) is
          C:\Program Files\Microsoft Visual Studio\2022\Community\VC\Tools\MSVC\14.43.34808\include\memory(2092,18):
          see reference to function template instantiation 'void std::_Construct_in_place<_Ty,float>(_Ty &,float &&) noexcept' being compiled
          with
          [
              _Ty=MultiStation::JobSystem
          ]
          C:\Program Files\Microsoft Visual Studio\2022\Community\VC\Tools\MSVC\14.43.34808\include\xutility(502,14):
          see reference to function template instantiation '_Ty *std::construct_at<_Ty,float>(_Ty *const ,float &&) noexcept' being compiled
          with
          [
              _Ty=MultiStation::JobSystem
          ]
  
  ECS.vcxproj -> C:\Users\User\Desktop\Projects\MultiStation\ECS\Library\Release\Win32\ECS.lib
  C:/Users/User/Desktop/Projects/MultiStation/ECS/Source/Interfaces/ISystem.hpp:20: warning: Compound MultiStation::ISystem is not documented.
  Doxygen version used: 1.15.0 (7cca38ba5185457e6d9495bf963d4cdeacebc25a)
  Searching for include files...
  Searching for example files...
  Searching for images...
  Searching for dot files...
  Searching for msc files...
  Searching for dia files...
  Searching for plantuml files...
  Searching for files to exclude
  Searching INPUT for files to process...
  Searching for files in directory C:/Users/User/Desktop/Projects/MultiStation/ECS/Source/
  Searching for files in directory C:/Users/User/Desktop/Projects/MultiStation/ECS/Source/ComponentArray
  Searching for files in directory C:/Users/User/Desktop/Projects/MultiStation/ECS/Source/ECSManager
  Searching for files in directory C:/Users/User/Desktop/Projects/MultiStation/ECS/Source/Interfaces
  Searching for files in directory C:/Users/User/Desktop/Projects/MultiStation/ECS/Source/JobSystem
  Searching for files in directory C:/Users/User/Desktop/Projects/MultiStation/ECS/Source/Registry
  Searching for files in directory C:/Users/User/Desktop/Projects/MultiStation/ECS/Source/SystemManager
  Searching for files in directory C:/Users/User/Desktop/Projects/MultiStation/ECS/Source/VersionControl
  Reading and parsing tag files
  Parsing files
  Preprocessing C:/Users/User/Desktop/Projects/MultiStation/ECS/Source/ComponentArray/ComponentArray.hpp...
  Parsing file C:/Users/User/Desktop/Projects/MultiStation/ECS/Source/ComponentArray/ComponentArray.hpp...
  Preprocessing C:/Users/User/Desktop/Projects/MultiStation/ECS/Source/ECSManager/ECSManager.hpp...
  Parsing file C:/Users/User/Desktop/Projects/MultiStation/ECS/Source/ECSManager/ECSManager.hpp...
  Preprocessing C:/Users/User/Desktop/Projects/MultiStation/ECS/Source/ECSManager/ECSTemplateImpl.hpp...
  Parsing file C:/Users/User/Desktop/Projects/MultiStation/ECS/Source/ECSManager/ECSTemplateImpl.hpp...
  Preprocessing C:/Users/User/Desktop/Projects/MultiStation/ECS/Source/Init.hpp...
  Parsing file C:/Users/User/Desktop/Projects/MultiStation/ECS/Source/Init.hpp...
  Preprocessing C:/Users/User/Desktop/Projects/MultiStation/ECS/Source/Interfaces/IComponentArray.hpp...
  Parsing file C:/Users/User/Desktop/Projects/MultiStation/ECS/Source/Interfaces/IComponentArray.hpp...
  Preprocessing C:/Users/User/Desktop/Projects/MultiStation/ECS/Source/Interfaces/ISystem.hpp...
  Parsing file C:/Users/User/Desktop/Projects/MultiStation/ECS/Source/Interfaces/ISystem.hpp...
  Preprocessing C:/Users/User/Desktop/Projects/MultiStation/ECS/Source/JobSystem/Job.hpp...
  Parsing file C:/Users/User/Desktop/Projects/MultiStation/ECS/Source/JobSystem/Job.hpp...
  Preprocessing C:/Users/User/Desktop/Projects/MultiStation/ECS/Source/JobSystem/JobSystem.hpp...
  Parsing file C:/Users/User/Desktop/Projects/MultiStation/ECS/Source/JobSystem/JobSystem.hpp...
  Preprocessing C:/Users/User/Desktop/Projects/MultiStation/ECS/Source/Registry/Registry.hpp...
  Parsing file C:/Users/User/Desktop/Projects/MultiStation/ECS/Source/Registry/Registry.hpp...
  Preprocessing C:/Users/User/Desktop/Projects/MultiStation/ECS/Source/SystemManager/SystemManager.hpp...
  Parsing file C:/Users/User/Desktop/Projects/MultiStation/ECS/Source/SystemManager/SystemManager.hpp...
  Preprocessing C:/Users/User/Desktop/Projects/MultiStation/ECS/Source/VersionControl/VersionControl.hpp...
  Parsing file C:/Users/User/Desktop/Projects/MultiStation/ECS/Source/VersionControl/VersionControl.hpp...
  Building macro definition list...
  Building group list...
  Building directory list...
  Building namespace list...
  Building file list...
  Building class list...
  Building concept list...
  Computing nesting relations for classes...
  Associating documentation with classes...
  Associating documentation with concepts...
  Associating documentation with modules...
  Building example list...
  Searching for enumerations...
  Searching for documented typedefs...
  Searching for members imported via using declarations...
  Searching for included using directives...
  Searching for documented variables...
  Building interface member list...
  Building member list...
  Searching for friends...
  Searching for documented defines...
  Computing class inheritance relations...
  Computing class usage relations...
  C:/Users/User/Desktop/Projects/MultiStation/ECS/Source/VersionControl/VersionControl.hpp:7: warning: Compound MultiStation::VersionControl is not documented.
  C:/Users/User/Desktop/Projects/MultiStation/ECS/Source/JobSystem/Job.hpp:61: warning: documented symbol 'MultiStation::Job::std::shared_ptr' was not declared or defined.
  C:/Users/User/Desktop/Projects/MultiStation/ECS/Source/Registry/Registry.hpp:11: warning: Unsupported xml/html tag <T> found
  C:/Users/User/Desktop/Projects/MultiStation/ECS/Source/JobSystem/Job.hpp:16: warning: argument 'Job' of command @param is not found in the argument list of MultiStation::JobFunction(struct Job job)
  C:/Users/User/Desktop/Projects/MultiStation/ECS/Source/ECSManager/ECSManager.hpp:207: warning: Member PollOperations(void) (function) of class MultiStation::ECSManager is not documented.
  C:/Users/User/Desktop/Projects/MultiStation/ECS/Source/ECSManager/ECSManager.hpp:210: warning: Member DoRemoveEntity(uint32_t entity) (function) of class MultiStation::ECSManager is not documented.
  C:/Users/User/Desktop/Projects/MultiStation/ECS/Source/ECSManager/ECSManager.hpp:213: warning: Member DoCreateEntity(uint32_t entity) (function) of class MultiStation::ECSManager is not documented.
  C:/Users/User/Desktop/Projects/MultiStation/ECS/Source/Interfaces/ISystem.hpp:23: warning: Member ISystem(const std::string name) noexcept (function) of class MultiStation::ISystem is not documented.
  C:/Users/User/Desktop/Projects/MultiStation/ECS/Source/Interfaces/ISystem.hpp:29: warning: Member ISystem(ISystem &&move) noexcept=default (function) of class MultiStation::ISystem is not documented.
  C:/Users/User/Desktop/Projects/MultiStation/ECS/Source/Interfaces/ISystem.hpp:30: warning: Member operator=(ISystem &&move) noexcept=default (function) of class MultiStation::ISystem is not documented.
  C:/Users/User/Desktop/Projects/MultiStation/ECS/Source/Interfaces/ISystem.hpp:92: warning: Member GetName(void) noexcept (function) of class MultiStation::ISystem is not documented.
  C:/Users/User/Desktop/Projects/MultiStation/ECS/Source/Interfaces/ISystem.hpp:94: warning: Member GetName(void) const noexcept (function) of class MultiStation::ISystem is not documented.
  C:/Users/User/Desktop/Projects/MultiStation/ECS/Source/Interfaces/ISystem.hpp:103: warning: Member GetTypeID(void) (function) of class MultiStation::ISystem is not documented.
  C:/Users/User/Desktop/Projects/MultiStation/ECS/Source/Interfaces/ISystem.hpp:80: warning: found documented return type for MultiStation::ISystem::OnDetach that does not return anything
  C:/Users/User/Desktop/Projects/MultiStation/ECS/Source/JobSystem/Job.hpp:30: warning: Member Job(const Job &cpy) noexcept=default (function) of struct MultiStation::Job is not documented.
  C:/Users/User/Desktop/Projects/MultiStation/ECS/Source/JobSystem/Job.hpp:31: warning: Member operator=(const Job &cpy) noexcept=default (function) of struct MultiStation::Job is not documented.
  C:/Users/User/Desktop/Projects/MultiStation/ECS/Source/JobSystem/Job.hpp:32: warning: Member Job(Job &&move) noexcept=default (function) of struct MultiStation::Job is not documented.
  C:/Users/User/Desktop/Projects/MultiStation/ECS/Source/JobSystem/Job.hpp:33: warning: Member operator=(Job &&move) noexcept=default (function) of struct MultiStation::Job is not documented.
  C:/Users/User/Desktop/Projects/MultiStation/ECS/Source/JobSystem/Job.hpp:65: warning: Member counter (variable) of struct MultiStation::Job is not documented.
  C:/Users/User/Desktop/Projects/MultiStation/ECS/Source/JobSystem/Job.hpp:67: warning: Member name[64] (variable) of struct MultiStation::Job is not documented.
  C:/Users/User/Desktop/Projects/MultiStation/ECS/Source/JobSystem/JobSystem.hpp:78: warning: End of list marker found without any preceding list items
  C:/Users/User/Desktop/Projects/MultiStation/ECS/Source/JobSystem/JobSystem.hpp:62: warning: End of list marker found without any preceding list items
  C:/Users/User/Desktop/Projects/MultiStation/ECS/Source/SystemManager/SystemManager.hpp:153: warning: Member begin(void) noexcept (function) of class MultiStation::SystemManager is not documented.
  C:/Users/User/Desktop/Projects/MultiStation/ECS/Source/SystemManager/SystemManager.hpp:154: warning: Member end(void) noexcept (function) of class MultiStation::SystemManager is not documented.
  C:/Users/User/Desktop/Projects/MultiStation/ECS/Source/SystemManager/SystemManager.hpp:81: warning: End of list marker found without any preceding list items
  C:/Users/User/Desktop/Projects/MultiStation/ECS/Source/SystemManager/SystemManager.hpp:80: warning: found documented return type for MultiStation::SystemManager::AddSystem that does not return anything
  C:/Users/User/Desktop/Projects/MultiStation/ECS/Source/SystemManager/SystemManager.hpp:73: warning: End of list marker found without any preceding list items
  C:/Users/User/Desktop/Projects/MultiStation/ECS/Source/SystemManager/SystemManager.hpp:72: warning: found documented return type for MultiStation::SystemManager::BindPhase that does not return anything
  C:/Users/User/Desktop/Projects/MultiStation/ECS/Source/SystemManager/SystemManager.hpp:62: warning: End of list marker found without any preceding list items
  C:/Users/User/Desktop/Projects/MultiStation/ECS/Source/SystemManager/SystemManager.hpp:106: warning: End of list marker found without any preceding list items
  C:/Users/User/Desktop/Projects/MultiStation/ECS/Source/SystemManager/SystemManager.hpp:105: warning: found documented return type for MultiStation::SystemManager::ExecutePhase that does not return anything
  C:/Users/User/Desktop/Projects/MultiStation/ECS/Source/SystemManager/SystemManager.hpp:125: warning: End of list marker found without any preceding list items
  C:/Users/User/Desktop/Projects/MultiStation/ECS/Source/SystemManager/SystemManager.hpp:93: warning: End of list marker found without any preceding list items
  C:/Users/User/Desktop/Projects/MultiStation/ECS/Source/SystemManager/SystemManager.hpp:92: warning: found documented return type for MultiStation::SystemManager::RemoveSystem that does not return anything
  C:/Users/User/Desktop/Projects/MultiStation/ECS/Source/VersionControl/VersionControl.hpp:20: warning: Member GetVersion(void) const (function) of class MultiStation::VersionControl is not documented.
  C:/Users/User/Desktop/Projects/MultiStation/ECS/Source/VersionControl/VersionControl.hpp:23: warning: Member IncrementVersion(void) (function) of class MultiStation::VersionControl is not documented.
  Flushing cached template relations that have become invalid...
  Warn for undocumented namespaces...
  Computing class relations...
  Add enum values to enums...
  Searching for member function documentation...
  Creating members for template instances...
  Building page list...
  Search for main page...
  Computing page relations...
  Determining the scope of groups...
  Computing module relations...
  Sorting lists...
  Determining which enums are documented
  Computing member relations...
  Building full member lists recursively...
  Adding members to member groups.
  Computing member references...
  Inheriting documentation...
  Generating disk names...
  Adding source references...
  Adding xrefitems...
  Sorting member lists...
  Setting anonymous enum type...
  Computing dependencies between directories...
  Generating citations page...
  Counting members...
  Counting data structures...
  Resolving user defined references...
  Finding anchors and sections in the documentation...
  Transferring function references...
  Combining using relations...
  Adding members to index pages...
  Correcting members for VHDL...
  Computing tooltip texts...
  Generating style sheet...
  Generating search indices...
  Generating example documentation...
  Generating file sources...
  Generating code for file Source/ComponentArray/ComponentArray.hpp...
  Generating code for file Source/ECSManager/ECSManager.hpp...
  Generating code for file Source/ECSManager/ECSTemplateImpl.hpp...
  Generating code for file Source/Init.hpp...
  Generating code for file Source/Interfaces/IComponentArray.hpp...
  Generating code for file Source/Interfaces/ISystem.hpp...
  Generating code for file Source/JobSystem/Job.hpp...
  Generating code for file Source/JobSystem/JobSystem.hpp...
  Generating code for file Source/Registry/Registry.hpp...
  Generating code for file Source/SystemManager/SystemManager.hpp...
  Generating code for file Source/VersionControl/VersionControl.hpp...
  Generating file documentation...
  Generating docs for file Source/ECSManager/ECSManager.hpp...
  Generating docs for file Source/Interfaces/ISystem.hpp...
  Generating docs for file Source/JobSystem/JobSystem.hpp...
  Generating docs for file Source/SystemManager/SystemManager.hpp...
  Generating page documentation...
  Generating group documentation...
  Generating class documentation...
  Generating docs for compound ISystem...
  Generating concept documentation...
  Generating module documentation...
  Generating namespace documentation...
  Generating docs for namespace MultiStation
  Generating docs for compound MultiStation::ComponentArray< T >...
  Generating docs for compound MultiStation::ECSManager...
  Generating docs for compound MultiStation::IComponentArray...
  Generating docs for compound MultiStation::ISystem...
  Generating docs for compound MultiStation::Job...
  Generating docs for compound MultiStation::JobSystem...
  Generating docs for compound MultiStation::Registry...
  Generating docs for compound MultiStation::SystemManager...
  Generating docs for compound MultiStation::VersionControl...
  Generating graph info page...
  Generating directory documentation...
  Generating index page...
  Generating page index...
  Generating topic index...
  Generating module index...
  Generating module member index...
  Generating namespace index...
  Generating namespace member index...
  Generating concept index...
  Generating annotated compound index...
  Generating alphabetical compound index...
  Generating hierarchical class index...
  Generating member index...
  Generating file index...
  Generating file member index...
  Generating example index...
  finalizing index lists...
  writing tag file...
  Running plantuml with JAVA...
  type lookup cache used 114/65536 hits=270 misses=129
  symbol lookup cache used 342/65536 hits=2943 misses=342
  finished...
