c:\users\user\desktop\projects\multistation\media\library\debug\win32\media.pdb
c:\users\user\desktop\projects\multistation\media\library\debug\win32\media.idb
c:\users\user\desktop\projects\multistation\media\objects\debug\win32\window.obj
c:\users\user\desktop\projects\multistation\media\objects\debug\win32\input.obj
c:\users\user\desktop\projects\multistation\media\objects\debug\win32\myglfwinput.obj
c:\users\user\desktop\projects\multistation\media\objects\debug\win32\glfwwindow.obj
c:\users\user\desktop\projects\multistation\media\objects\debug\win32\glfwevents.obj
c:\users\user\desktop\projects\multistation\media\objects\debug\win32\layerstack.obj
c:\users\user\desktop\projects\multistation\media\objects\debug\win32\layer.obj
c:\users\user\desktop\projects\multistation\media\objects\debug\win32\vlayout.obj
c:\users\user\desktop\projects\multistation\media\objects\debug\win32\vbuffer.obj
c:\users\user\desktop\projects\multistation\media\objects\debug\win32\ubuffer.obj
c:\users\user\desktop\projects\multistation\media\objects\debug\win32\texture2dresolution.obj
c:\users\user\desktop\projects\multistation\media\objects\debug\win32\texture2d.obj
c:\users\user\desktop\projects\multistation\media\objects\debug\win32\vshader.obj
c:\users\user\desktop\projects\multistation\media\objects\debug\win32\shader.obj
c:\users\user\desktop\projects\multistation\media\objects\debug\win32\fshader.obj
c:\users\user\desktop\projects\multistation\media\objects\debug\win32\init.obj
c:\users\user\desktop\projects\multistation\media\objects\debug\win32\format.obj
c:\users\user\desktop\projects\multistation\media\objects\debug\win32\fbuffer.obj
c:\users\user\desktop\projects\multistation\media\objects\debug\win32\error.obj
c:\users\user\desktop\projects\multistation\media\objects\debug\win32\commands.obj
c:\users\user\desktop\projects\multistation\media\objects\debug\win32\windowproperties.obj
c:\users\user\desktop\projects\multistation\media\library\debug\win32\media.lib
c:\users\user\desktop\projects\multistation\media\objects\debug\win32\media.vcxproj.filelistabsolute.txt
c:\users\user\desktop\projects\multistation\media\objects\debug\win32\media.tlog\cl.command.1.tlog
c:\users\user\desktop\projects\multistation\media\objects\debug\win32\media.tlog\cl.items.tlog
c:\users\user\desktop\projects\multistation\media\objects\debug\win32\media.tlog\cl.read.1.tlog
c:\users\user\desktop\projects\multistation\media\objects\debug\win32\media.tlog\cl.write.1.tlog
c:\users\user\desktop\projects\multistation\media\objects\debug\win32\media.tlog\lib-link.write.1.tlog
c:\users\user\desktop\projects\multistation\media\objects\debug\win32\media.tlog\lib.command.1.tlog
c:\users\user\desktop\projects\multistation\media\objects\debug\win32\media.tlog\lib.read.1.tlog
