c:\users\user\desktop\projects\multistation\medialibrary\library\debug\win32\medialibrary.pdb
c:\users\user\desktop\projects\multistation\medialibrary\library\debug\win32\medialibrary.idb
c:\users\user\desktop\projects\multistation\medialibrary\objects\debug\win32\glfwwin.obj
c:\users\user\desktop\projects\multistation\medialibrary\objects\debug\win32\vlayout.obj
c:\users\user\desktop\projects\multistation\medialibrary\objects\debug\win32\vbuffer.obj
c:\users\user\desktop\projects\multistation\medialibrary\objects\debug\win32\ubuffer.obj
c:\users\user\desktop\projects\multistation\medialibrary\objects\debug\win32\texture2dresolution.obj
c:\users\user\desktop\projects\multistation\medialibrary\objects\debug\win32\texture2d.obj
c:\users\user\desktop\projects\multistation\medialibrary\objects\debug\win32\vshader.obj
c:\users\user\desktop\projects\multistation\medialibrary\objects\debug\win32\shader.obj
c:\users\user\desktop\projects\multistation\medialibrary\objects\debug\win32\fshader.obj
c:\users\user\desktop\projects\multistation\medialibrary\objects\debug\win32\init.obj
c:\users\user\desktop\projects\multistation\medialibrary\objects\debug\win32\format.obj
c:\users\user\desktop\projects\multistation\medialibrary\objects\debug\win32\fbuffer.obj
c:\users\user\desktop\projects\multistation\medialibrary\objects\debug\win32\error.obj
c:\users\user\desktop\projects\multistation\medialibrary\objects\debug\win32\commands.obj
c:\users\user\desktop\projects\multistation\medialibrary\library\debug\win32\medialibrary.lib
c:\users\user\desktop\projects\multistation\medialibrary\objects\debug\win32\medialibrary.vcxproj.filelistabsolute.txt
c:\users\user\desktop\projects\multistation\medialibrary\objects\debug\win32\medialibrary.tlog\cl.command.1.tlog
c:\users\user\desktop\projects\multistation\medialibrary\objects\debug\win32\medialibrary.tlog\cl.items.tlog
c:\users\user\desktop\projects\multistation\medialibrary\objects\debug\win32\medialibrary.tlog\cl.read.1.tlog
c:\users\user\desktop\projects\multistation\medialibrary\objects\debug\win32\medialibrary.tlog\cl.write.1.tlog
c:\users\user\desktop\projects\multistation\medialibrary\objects\debug\win32\medialibrary.tlog\lib-link.write.1.tlog
c:\users\user\desktop\projects\multistation\medialibrary\objects\debug\win32\medialibrary.tlog\lib.command.1.tlog
c:\users\user\desktop\projects\multistation\medialibrary\objects\debug\win32\medialibrary.tlog\lib.read.1.tlog
