  IComponentArray.cpp
  Entity.cpp
  ISystem.cpp
  Job.cpp
  JobSystem.cpp
  Main.cpp
  TestJobSystem.cpp
C:\Users\User\Desktop\Projects\MultiStation\ECS\Source\Tests\JobSystem\TestJobSystem.cpp(10,27): warning C4244: 'initializing': conversion from 'float' to 'unsigned long', possible loss of data
  TestNested.cpp
  TestTask.cpp
  Registry.cpp
  SystemTask.cpp
  Pipeline.cpp
  TaskManager.cpp
  VersionControl.cpp
  Generating code
  Previous IPDB not found, fall back to full compilation.
  All 390 functions were compiled because no usable IPDB/IOBJ from previous compilation was found.
  Finished generating code
  ECS.vcxproj -> C:\Users\User\Desktop\Projects\MultiStation\ECS\Library\Release\x64\ECS.exe
  Doxygen version used: 1.15.0 (7cca38ba5185457e6d9495bf963d4cdeacebc25a)
  Searching for include files...
  Searching for example files...
  Searching for images...
  Searching for dot files...
  Searching for msc files...
  Searching for dia files...
  Searching for plantuml files...
  Searching for files to exclude
  Searching INPUT for files to process...
  Searching for files in directory C:/Users/User/Desktop/Projects/MultiStation/ECS/Source/
  Searching for files in directory C:/Users/User/Desktop/Projects/MultiStation/ECS/Source/ComponentArray
  Searching for files in directory C:/Users/User/Desktop/Projects/MultiStation/ECS/Source/Entity
  Searching for files in directory C:/Users/User/Desktop/Projects/MultiStation/ECS/Source/IComponent
  Searching for files in directory C:/Users/User/Desktop/Projects/MultiStation/ECS/Source/ISystem
  Searching for files in directory C:/Users/User/Desktop/Projects/MultiStation/ECS/Source/JobSystem
  Searching for files in directory C:/Users/User/Desktop/Projects/MultiStation/ECS/Source/Registry
  Searching for files in directory C:/Users/User/Desktop/Projects/MultiStation/ECS/Source/SystemManager
  Searching for files in directory C:/Users/User/Desktop/Projects/MultiStation/ECS/Source/Task
  Searching for files in directory C:/Users/User/Desktop/Projects/MultiStation/ECS/Source/Task/Schedulers
  Searching for files in directory C:/Users/User/Desktop/Projects/MultiStation/ECS/Source/Task/Schedulers/DAG
  Searching for files in directory C:/Users/User/Desktop/Projects/MultiStation/ECS/Source/Task/Schedulers/Pipeline
  Searching for files in directory C:/Users/User/Desktop/Projects/MultiStation/ECS/Source/Tests
  Searching for files in directory C:/Users/User/Desktop/Projects/MultiStation/ECS/Source/Tests/JobSystem
  Reading and parsing tag files
  Parsing files
  Preprocessing C:/Users/User/Desktop/Projects/MultiStation/ECS/Source/ComponentArray/ComponentArray.hpp...
  Parsing file C:/Users/User/Desktop/Projects/MultiStation/ECS/Source/ComponentArray/ComponentArray.hpp...
  Preprocessing C:/Users/User/Desktop/Projects/MultiStation/ECS/Source/ComponentArray/IComponentArray.hpp...
  Parsing file C:/Users/User/Desktop/Projects/MultiStation/ECS/Source/ComponentArray/IComponentArray.hpp...
  Preprocessing C:/Users/User/Desktop/Projects/MultiStation/ECS/Source/Entity/Entity.hpp...
  Parsing file C:/Users/User/Desktop/Projects/MultiStation/ECS/Source/Entity/Entity.hpp...
  Preprocessing C:/Users/User/Desktop/Projects/MultiStation/ECS/Source/IComponent/IComponent.hpp...
  Parsing file C:/Users/User/Desktop/Projects/MultiStation/ECS/Source/IComponent/IComponent.hpp...
  Preprocessing C:/Users/User/Desktop/Projects/MultiStation/ECS/Source/Init.hpp...
  Parsing file C:/Users/User/Desktop/Projects/MultiStation/ECS/Source/Init.hpp...
  Preprocessing C:/Users/User/Desktop/Projects/MultiStation/ECS/Source/ISystem/ISystem.hpp...
  Parsing file C:/Users/User/Desktop/Projects/MultiStation/ECS/Source/ISystem/ISystem.hpp...
  Preprocessing C:/Users/User/Desktop/Projects/MultiStation/ECS/Source/JobSystem/Job.hpp...
  Parsing file C:/Users/User/Desktop/Projects/MultiStation/ECS/Source/JobSystem/Job.hpp...
  Preprocessing C:/Users/User/Desktop/Projects/MultiStation/ECS/Source/JobSystem/JobSystem.hpp...
  Parsing file C:/Users/User/Desktop/Projects/MultiStation/ECS/Source/JobSystem/JobSystem.hpp...
  Preprocessing C:/Users/User/Desktop/Projects/MultiStation/ECS/Source/Registry/Registry.hpp...
  Parsing file C:/Users/User/Desktop/Projects/MultiStation/ECS/Source/Registry/Registry.hpp...
  Preprocessing C:/Users/User/Desktop/Projects/MultiStation/ECS/Source/SystemManager/DependenciesBuilder.hpp...
  Parsing file C:/Users/User/Desktop/Projects/MultiStation/ECS/Source/SystemManager/DependenciesBuilder.hpp...
  Preprocessing C:/Users/User/Desktop/Projects/MultiStation/ECS/Source/SystemManager/SystemManager.hpp...
  Parsing file C:/Users/User/Desktop/Projects/MultiStation/ECS/Source/SystemManager/SystemManager.hpp...
  Preprocessing C:/Users/User/Desktop/Projects/MultiStation/ECS/Source/SystemManager/SystemTask.hpp...
  C:/Users/User/Desktop/Projects/MultiStation/ECS/Source/Task/Schedulers/DAG/DAGScheduler.hpp:17: warning: Compound MultiStation::DAGScheduler is not documented.
  C:/Users/User/Desktop/Projects/MultiStation/ECS/Source/SystemManager/DependenciesBuilder.hpp:7: warning: Compound MultiStation::DependenciesBuilder is not documented.
  C:/Users/User/Desktop/Projects/MultiStation/ECS/Source/IComponent/IComponent.hpp:15: warning: Compound MultiStation::IComponent is not documented.
  C:/Users/User/Desktop/Projects/MultiStation/ECS/Source/Task/Schedulers/Pipeline/Pipeline.hpp:10: warning: Compound MultiStation::IPipelineTaskMetadata is not documented.
  C:/Users/User/Desktop/Projects/MultiStation/ECS/Source/ISystem/ISystem.hpp:7: warning: Compound MultiStation::ISystem is not documented.
  C:/Users/User/Desktop/Projects/MultiStation/ECS/Source/ISystem/ISystem.hpp:10: warning: Compound MultiStation::ISystem::Dependencies is not documented.
  C:/Users/User/Desktop/Projects/MultiStation/ECS/Source/Task/ITaskMetadata.hpp:5: warning: Compound MultiStation::ITaskMetadata is not documented.
  C:/Users/User/Desktop/Projects/MultiStation/ECS/Source/Task/Schedulers/Pipeline/Pipeline.hpp:19: warning: Compound MultiStation::Pipeline is not documented.
  C:/Users/User/Desktop/Projects/MultiStation/ECS/Source/SystemManager/SystemTask.hpp:12: warning: Compound MultiStation::SystemTask is not documented.
  C:/Users/User/Desktop/Projects/MultiStation/ECS/Source/SystemManager/SystemTask.hpp:24: warning: Compound MultiStation::SystemTask::Info is not documented.
  C:/Users/User/Desktop/Projects/MultiStation/ECS/Source/Task/Task.hpp:7: warning: Compound MultiStation::Task is not documented.
  C:/Users/User/Desktop/Projects/MultiStation/ECS/Source/Task/TaskManager.hpp:8: warning: Compound MultiStation::TaskManager is not documented.
  C:/Users/User/Desktop/Projects/MultiStation/ECS/Source/Task/TaskManager.hpp:15: warning: Compound MultiStation::TaskManager::ManagerInfo is not documented.
  C:/Users/User/Desktop/Projects/MultiStation/ECS/Source/Task/TaskManager.hpp:23: warning: Compound MultiStation::TaskManager::PendingTask is not documented.
  C:/Users/User/Desktop/Projects/MultiStation/ECS/Source/Task/TaskScheduller.hpp:7: warning: Compound MultiStation::TaskScheduler is not documented.
  C:/Users/User/Desktop/Projects/MultiStation/ECS/Source/VersionControl.hpp:7: warning: Compound MultiStation::VersionControl is not documented.
  C:/Users/User/Desktop/Projects/MultiStation/ECS/Source/JobSystem/Job.hpp:62: warning: documented symbol 'MultiStation::Job::std::shared_ptr' was not declared or defined.
  C:/Users/User/Desktop/Projects/MultiStation/ECS/Source/Registry/Registry.hpp:11: warning: Unsupported xml/html tag <T> found
  Parsing file C:/Users/User/Desktop/Projects/MultiStation/ECS/Source/SystemManager/SystemTask.hpp...
  Preprocessing C:/Users/User/Desktop/Projects/MultiStation/ECS/Source/Task/ITaskMetadata.hpp...
  Parsing file C:/Users/User/Desktop/Projects/MultiStation/ECS/Source/Task/ITaskMetadata.hpp...
  Preprocessing C:/Users/User/Desktop/Projects/MultiStation/ECS/Source/Task/Schedulers/DAG/DAGScheduler.hpp...
  Parsing file C:/Users/User/Desktop/Projects/MultiStation/ECS/Source/Task/Schedulers/DAG/DAGScheduler.hpp...
  Preprocessing C:/Users/User/Desktop/Projects/MultiStation/ECS/Source/Task/Schedulers/Pipeline/Pipeline.hpp...
  Parsing file C:/Users/User/Desktop/Projects/MultiStation/ECS/Source/Task/Schedulers/Pipeline/Pipeline.hpp...
  Preprocessing C:/Users/User/Desktop/Projects/MultiStation/ECS/Source/Task/Task.hpp...
  Parsing file C:/Users/User/Desktop/Projects/MultiStation/ECS/Source/Task/Task.hpp...
  Preprocessing C:/Users/User/Desktop/Projects/MultiStation/ECS/Source/Task/TaskManager.hpp...
  Parsing file C:/Users/User/Desktop/Projects/MultiStation/ECS/Source/Task/TaskManager.hpp...
  Preprocessing C:/Users/User/Desktop/Projects/MultiStation/ECS/Source/Task/TaskScheduller.hpp...
  Parsing file C:/Users/User/Desktop/Projects/MultiStation/ECS/Source/Task/TaskScheduller.hpp...
  Preprocessing C:/Users/User/Desktop/Projects/MultiStation/ECS/Source/Tests/JobSystem/TestJobSystem.hpp...
  Parsing file C:/Users/User/Desktop/Projects/MultiStation/ECS/Source/Tests/JobSystem/TestJobSystem.hpp...
  Preprocessing C:/Users/User/Desktop/Projects/MultiStation/ECS/Source/VersionControl.hpp...
  Parsing file C:/Users/User/Desktop/Projects/MultiStation/ECS/Source/VersionControl.hpp...
  Building macro definition list...
  Building group list...
  Building directory list...
  Building namespace list...
  Building file list...
  Building class list...
  Building concept list...
  Computing nesting relations for classes...
  Associating documentation with classes...
  Associating documentation with concepts...
  Associating documentation with modules...
  Building example list...
  Searching for enumerations...
  Searching for documented typedefs...
  Searching for members imported via using declarations...
  Searching for included using directives...
  Searching for documented variables...
  Building interface member list...
  Building member list...
  Searching for friends...
  Searching for documented defines...
  Computing class inheritance relations...
  Computing class usage relations...
  Flushing cached template relations that have become invalid...
  Warn for undocumented namespaces...
  Computing class relations...
  Add enum values to enums...
  Searching for member function documentation...
  Creating members for template instances...
  Building page list...
  Search for main page...
  Computing page relations...
  Determining the scope of groups...
  Computing module relations...
  Sorting lists...
  Determining which enums are documented
  Computing member relations...
  Building full member lists recursively...
  Adding members to member groups.
  Computing member references...
  Inheriting documentation...
  Generating disk names...
  Adding source references...
  Adding xrefitems...
  Sorting member lists...
  Setting anonymous enum type...
  Computing dependencies between directories...
  Generating citations page...
  Counting members...
  Counting data structures...
  Resolving user defined references...
  Finding anchors and sections in the documentation...
  Transferring function references...
  Combining using relations...
  Adding members to index pages...
  Correcting members for VHDL...
  Computing tooltip texts...
  Generating style sheet...
  Generating search indices...
  Generating example documentation...
  Generating file sources...
  Generating code for file Source/ComponentArray/ComponentArray.hpp...
  Generating code for file Source/ComponentArray/IComponentArray.hpp...
  Generating code for file Source/Entity/Entity.hpp...
  Generating code for file Source/IComponent/IComponent.hpp...
  Generating code for file Source/Init.hpp...
  Generating code for file Source/ISystem/ISystem.hpp...
  Generating code for file Source/JobSystem/Job.hpp...
  Generating code for file Source/JobSystem/JobSystem.hpp...
  Generating code for file Source/Registry/Registry.hpp...
  C:/Users/User/Desktop/Projects/MultiStation/ECS/Source/ComponentArray/ComponentArray.hpp:13: warning: Member ComponentStatus (enumeration) of namespace MultiStation is not documented.
  C:/Users/User/Desktop/Projects/MultiStation/ECS/Source/Task/TaskManager.hpp:7: warning: Member ManagerWorker(void *managerInfo) (function) of namespace MultiStation is not documented.
  C:/Users/User/Desktop/Projects/MultiStation/ECS/Source/IComponent/IComponent.hpp:73: warning: Member IComponent< Derived >::s_typeID (variable) of namespace MultiStation is not documented.
  C:/Users/User/Desktop/Projects/MultiStation/ECS/Source/IComponent/IComponent.hpp:76: warning: Member IComponent< Derived >::s_typeToIDMap (variable) of namespace MultiStation is not documented.
  'epstopdf' is not recognized as an internal or external command,
  operable program or batch file.
EXEC : error : Problems running epstopdf. Check your TeX installation!
  'epstopdf' is not recognized as an internal or external command,
  operable program or batch file.
  C:/Users/User/Desktop/Projects/MultiStation/ECS/Source/IComponent/IComponent.hpp:27: warning: Member IComponent(IComponent &&move) noexcept=default (function) of class MultiStation::IComponent is not documented.
  C:/Users/User/Desktop/Projects/MultiStation/ECS/Source/IComponent/IComponent.hpp:28: warning: Member operator=(IComponent &&move) noexcept=default (function) of class MultiStation::IComponent is not documented.
  C:/Users/User/Desktop/Projects/MultiStation/ECS/Source/IComponent/IComponent.hpp:30: warning: Member GetInstanceTypeID(void) const (function) of class MultiStation::IComponent is not documented.
  C:/Users/User/Desktop/Projects/MultiStation/ECS/Source/IComponent/IComponent.hpp:32: warning: Member GetVersion(void) const (function) of class MultiStation::IComponent is not documented.
  C:/Users/User/Desktop/Projects/MultiStation/ECS/Source/IComponent/IComponent.hpp:34: warning: Member SetDirty(void) const (function) of class MultiStation::IComponent is not documented.
  C:/Users/User/Desktop/Projects/MultiStation/ECS/Source/IComponent/IComponent.hpp:36: warning: Member SetCallBack(std::function< void(uint32_t)> callback) (function) of class MultiStation::IComponent is not documented.
  C:/Users/User/Desktop/Projects/MultiStation/ECS/Source/IComponent/IComponent.hpp:39: warning: Member GetTypeID(void) (function) of class MultiStation::IComponent is not documented.
  C:/Users/User/Desktop/Projects/MultiStation/ECS/Source/ISystem/ISystem.hpp:23: warning: Member ISystem(ISystem &&move) noexcept=default (function) of class MultiStation::ISystem is not documented.
  C:/Users/User/Desktop/Projects/MultiStation/ECS/Source/ISystem/ISystem.hpp:24: warning: Member operator=(ISystem &&move) noexcept=default (function) of class MultiStation::ISystem is not documented.
  C:/Users/User/Desktop/Projects/MultiStation/ECS/Source/ISystem/ISystem.hpp:27: warning: Member OnAwake(void)=0 (function) of class MultiStation::ISystem is not documented.
  C:/Users/User/Desktop/Projects/MultiStation/ECS/Source/ISystem/ISystem.hpp:30: warning: Member OnEnable(void)=0 (function) of class MultiStation::ISystem is not documented.
  C:/Users/User/Desktop/Projects/MultiStation/ECS/Source/ISystem/ISystem.hpp:33: warning: Member OnStart(void)=0 (function) of class MultiStation::ISystem is not documented.
  C:/Users/User/Desktop/Projects/MultiStation/ECS/Source/ISystem/ISystem.hpp:36: warning: Member OnUpdate(float dt)=0 (function) of class MultiStation::ISystem is not documented.
  C:/Users/User/Desktop/Projects/MultiStation/ECS/Source/ISystem/ISystem.hpp:39: warning: Member OnDisable(void)=0 (function) of class MultiStation::ISystem is not documented.
  C:/Users/User/Desktop/Projects/MultiStation/ECS/Source/ISystem/ISystem.hpp:42: warning: Member OnDestroy(void)=0 (function) of class MultiStation::ISystem is not documented.
  C:/Users/User/Desktop/Projects/MultiStation/ECS/Source/ISystem/ISystem.hpp:51: warning: Member WaitFor(void) (function) of class MultiStation::ISystem is not documented.
  C:/Users/User/Desktop/Projects/MultiStation/ECS/Source/ISystem/ISystem.hpp:54: warning: Member UseComponent(bool writeAccess) (function) of class MultiStation::ISystem is not documented.
  C:/Users/User/Desktop/Projects/MultiStation/ECS/Source/ISystem/ISystem.hpp:56: warning: Member GetDependencies(void) const (function) of class MultiStation::ISystem is not documented.
  C:/Users/User/Desktop/Projects/MultiStation/ECS/Source/ISystem/ISystem.hpp:48: warning: Member GetTypeID(void) (function) of class MultiStation::ISystem is not documented.
  C:/Users/User/Desktop/Projects/MultiStation/ECS/Source/ISystem/ISystem.hpp:68: warning: Member GetTypeID(void) (function) of class MultiStation::ISystem is not documented.
  C:/Users/User/Desktop/Projects/MultiStation/ECS/Source/ISystem/ISystem.hpp:59: warning: Member m_flags (variable) of class MultiStation::ISystem is not documented.
  C:/Users/User/Desktop/Projects/MultiStation/ECS/Source/ISystem/ISystem.hpp:11: warning: Member waitSystems (variable) of struct MultiStation::ISystem::Dependencies is not documented.
  C:/Users/User/Desktop/Projects/MultiStation/ECS/Source/ISystem/ISystem.hpp:13: warning: Member componentsUsage (variable) of struct MultiStation::ISystem::Dependencies is not documented.
  C:/Users/User/Desktop/Projects/MultiStation/ECS/Source/JobSystem/Job.hpp:31: warning: Member Job(const Job &cpy) noexcept=default (function) of struct MultiStation::Job is not documented.
  C:/Users/User/Desktop/Projects/MultiStation/ECS/Source/JobSystem/Job.hpp:32: warning: Member operator=(const Job &cpy) noexcept=default (function) of struct MultiStation::Job is not documented.
  C:/Users/User/Desktop/Projects/MultiStation/ECS/Source/JobSystem/Job.hpp:33: warning: Member Job(Job &&move) noexcept=default (function) of struct MultiStation::Job is not documented.
  C:/Users/User/Desktop/Projects/MultiStation/ECS/Source/JobSystem/Job.hpp:34: warning: Member operator=(Job &&move) noexcept=default (function) of struct MultiStation::Job is not documented.
  C:/Users/User/Desktop/Projects/MultiStation/ECS/Source/JobSystem/Job.hpp:66: warning: Member counter (variable) of struct MultiStation::Job is not documented.
  C:/Users/User/Desktop/Projects/MultiStation/ECS/Source/JobSystem/Job.hpp:68: warning: Member name[64] (variable) of struct MultiStation::Job is not documented.
  C:/Users/User/Desktop/Projects/MultiStation/ECS/Source/JobSystem/JobSystem.hpp:80: warning: End of list marker found without any preceding list items
  C:/Users/User/Desktop/Projects/MultiStation/ECS/Source/JobSystem/JobSystem.hpp:63: warning: End of list marker found without any preceding list items
  C:/Users/User/Desktop/Projects/MultiStation/ECS/Source/SystemManager/DependenciesBuilder.hpp:11: warning: Member AddSystem(ISystem *system) (function) of class MultiStation::DependenciesBuilder is not documented.
  C:/Users/User/Desktop/Projects/MultiStation/ECS/Source/SystemManager/DependenciesBuilder.hpp:12: warning: Member RemoveSystem(ISystem *system) (function) of class MultiStation::DependenciesBuilder is not documented.
  C:/Users/User/Desktop/Projects/MultiStation/ECS/Source/SystemManager/DependenciesBuilder.hpp:14: warning: Member GetSystemOrder(void) (function) of class MultiStation::DependenciesBuilder is not documented.
  'epstopdf' is not recognized as an internal or external command,
  operable program or batch file.
  C:/Users/User/Desktop/Projects/MultiStation/ECS/Source/SystemManager/SystemTask.hpp:15: warning: Member State (enumeration) of class MultiStation::SystemTask is not documented.
  C:/Users/User/Desktop/Projects/MultiStation/ECS/Source/SystemManager/SystemTask.hpp:32: warning: Member SystemTask(Info &info) (function) of class MultiStation::SystemTask is not documented.
  C:/Users/User/Desktop/Projects/MultiStation/ECS/Source/SystemManager/SystemTask.hpp:39: warning: Member Run(uint16_t threadID) override (function) of class MultiStation::SystemTask is not documented.
  C:/Users/User/Desktop/Projects/MultiStation/ECS/Source/SystemManager/SystemTask.hpp:25: warning: Member currentState (variable) of struct MultiStation::SystemTask::Info is not documented.
  C:/Users/User/Desktop/Projects/MultiStation/ECS/Source/SystemManager/SystemTask.hpp:26: warning: Member manager (variable) of struct MultiStation::SystemTask::Info is not documented.
  C:/Users/User/Desktop/Projects/MultiStation/ECS/Source/SystemManager/SystemTask.hpp:27: warning: Member metadata (variable) of struct MultiStation::SystemTask::Info is not documented.
  C:/Users/User/Desktop/Projects/MultiStation/ECS/Source/SystemManager/SystemTask.hpp:28: warning: Member system (variable) of struct MultiStation::SystemTask::Info is not documented.
  'epstopdf' is not recognized as an internal or external command,
  operable program or batch file.
  'epstopdf' is not recognized as an internal or external command,
  operable program or batch file.
  C:/Users/User/Desktop/Projects/MultiStation/ECS/Source/Task/Schedulers/DAG/DAGScheduler.hpp:23: warning: Member Initialize(uint16_t threads) (function) of class MultiStation::DAGScheduler is not documented.
  C:/Users/User/Desktop/Projects/MultiStation/ECS/Source/Task/Schedulers/DAG/DAGScheduler.hpp:26: warning: Member Finalize(void) (function) of class MultiStation::DAGScheduler is not documented.
  C:/Users/User/Desktop/Projects/MultiStation/ECS/Source/Task/Schedulers/DAG/DAGScheduler.hpp:31: warning: Member RegisterTask(Task *task, ITaskMetadata *metadata) (function) of class MultiStation::DAGScheduler is not documented.
  C:/Users/User/Desktop/Projects/MultiStation/ECS/Source/Task/Schedulers/DAG/DAGScheduler.hpp:34: warning: Member UnregisterTask(Task *task) (function) of class MultiStation::DAGScheduler is not documented.
  C:/Users/User/Desktop/Projects/MultiStation/ECS/Source/Task/Schedulers/DAG/DAGScheduler.hpp:37: warning: Member Schedule(uint32_t threadID) (function) of class MultiStation::DAGScheduler is not documented.
  C:/Users/User/Desktop/Projects/MultiStation/ECS/Source/Task/Schedulers/DAG/DAGScheduler.hpp:41: warning: Member NotifyThreadExit(uint32_t threadID) (function) of class MultiStation::DAGScheduler is not documented.
  'epstopdf' is not recognized as an internal or external command,
  operable program or batch file.
  C:/Users/User/Desktop/Projects/MultiStation/ECS/Source/Task/Schedulers/Pipeline/Pipeline.hpp:13: warning: Member stage (variable) of struct MultiStation::IPipelineTaskMetadata is not documented.
  C:/Users/User/Desktop/Projects/MultiStation/ECS/Source/Task/Schedulers/Pipeline/Pipeline.hpp:14: warning: Member canRunInParallel (variable) of struct MultiStation::IPipelineTaskMetadata is not documented.
  'epstopdf' is not recognized as an internal or external command,
  operable program or batch file.
  C:/Users/User/Desktop/Projects/MultiStation/ECS/Source/Task/Schedulers/Pipeline/Pipeline.hpp:34: warning: Member Initialize(uint16_t threads) override (function) of class MultiStation::Pipeline is not documented.
  C:/Users/User/Desktop/Projects/MultiStation/ECS/Source/Task/Schedulers/Pipeline/Pipeline.hpp:36: warning: Member Finalize(void) override (function) of class MultiStation::Pipeline is not documented.
  C:/Users/User/Desktop/Projects/MultiStation/ECS/Source/Task/Schedulers/Pipeline/Pipeline.hpp:38: warning: Member RegisterTask(Task *task, ITaskMetadata *metadata) override (function) of class MultiStation::Pipeline is not documented.
  C:/Users/User/Desktop/Projects/MultiStation/ECS/Source/Task/Schedulers/Pipeline/Pipeline.hpp:40: warning: Member UnregisterTask(Task *task) override (function) of class MultiStation::Pipeline is not documented.
  C:/Users/User/Desktop/Projects/MultiStation/ECS/Source/Task/Schedulers/Pipeline/Pipeline.hpp:42: warning: Member Schedule(uint32_t threadID) override (function) of class MultiStation::Pipeline is not documented.
  C:/Users/User/Desktop/Projects/MultiStation/ECS/Source/Task/Schedulers/Pipeline/Pipeline.hpp:44: warning: Member NotifyThreadExit(uint32_t threadID) override (function) of class MultiStation::Pipeline is not documented.
  'epstopdf' is not recognized as an internal or external command,
  operable program or batch file.
  C:/Users/User/Desktop/Projects/MultiStation/ECS/Source/Task/Task.hpp:12: warning: Member Run(uint16_t threadID)=0 (function) of class MultiStation::Task is not documented.
  C:/Users/User/Desktop/Projects/MultiStation/ECS/Source/Task/TaskManager.hpp:10: warning: Member State (enumeration) of class MultiStation::TaskManager is not documented.
  C:/Users/User/Desktop/Projects/MultiStation/ECS/Source/Task/TaskManager.hpp:29: warning: Member TaskManager(TaskScheduler *scheduler, uint16_t threads) noexcept (function) of class MultiStation::TaskManager is not documented.
  C:/Users/User/Desktop/Projects/MultiStation/ECS/Source/Task/TaskManager.hpp:38: warning: Member AddTask(Task *task, ITaskMetadata *metadata) (function) of class MultiStation::TaskManager is not documented.
  C:/Users/User/Desktop/Projects/MultiStation/ECS/Source/Task/TaskManager.hpp:41: warning: Member RemoveTask(Task *task) (function) of class MultiStation::TaskManager is not documented.
  C:/Users/User/Desktop/Projects/MultiStation/ECS/Source/Task/TaskManager.hpp:44: warning: Member Start(bool mainAsWorker) (function) of class MultiStation::TaskManager is not documented.
  C:/Users/User/Desktop/Projects/MultiStation/ECS/Source/Task/TaskManager.hpp:47: warning: Member Stop(void) (function) of class MultiStation::TaskManager is not documented.
  C:/Users/User/Desktop/Projects/MultiStation/ECS/Source/Task/TaskManager.hpp:52: warning: Member JoinAll(void) (function) of class MultiStation::TaskManager is not documented.
  C:/Users/User/Desktop/Projects/MultiStation/ECS/Source/Task/TaskManager.hpp:55: warning: Member GetState(void) const (function) of class MultiStation::TaskManager is not documented.
  C:/Users/User/Desktop/Projects/MultiStation/ECS/Source/Task/TaskManager.hpp:57: warning: Member GetThreads(void) const (function) of class MultiStation::TaskManager is not documented.
  C:/Users/User/Desktop/Projects/MultiStation/ECS/Source/Task/TaskManager.hpp:16: warning: Member scheduler (variable) of struct MultiStation::TaskManager::ManagerInfo is not documented.
  C:/Users/User/Desktop/Projects/MultiStation/ECS/Source/Task/TaskManager.hpp:17: warning: Member threadID (variable) of struct MultiStation::TaskManager::ManagerInfo is not documented.
  C:/Users/User/Desktop/Projects/MultiStation/ECS/Source/Task/TaskManager.hpp:18: warning: Member totalThreads (variable) of struct MultiStation::TaskManager::ManagerInfo is not documented.
  C:/Users/User/Desktop/Projects/MultiStation/ECS/Source/Task/TaskManager.hpp:19: warning: Member state (variable) of struct MultiStation::TaskManager::ManagerInfo is not documented.
  C:/Users/User/Desktop/Projects/MultiStation/ECS/Source/Task/TaskManager.hpp:20: warning: Member barrier (variable) of struct MultiStation::TaskManager::ManagerInfo is not documented.
  C:/Users/User/Desktop/Projects/MultiStation/ECS/Source/Task/TaskManager.hpp:24: warning: Member task (variable) of struct MultiStation::TaskManager::PendingTask is not documented.
  C:/Users/User/Desktop/Projects/MultiStation/ECS/Source/Task/TaskManager.hpp:25: warning: Member metadata (variable) of struct MultiStation::TaskManager::PendingTask is not documented.
  'epstopdf' is not recognized as an internal or external command,
  operable program or batch file.
  C:/Users/User/Desktop/Projects/MultiStation/ECS/Source/Task/TaskScheduller.hpp:12: warning: Member Initialize(uint16_t threads)=0 (function) of class MultiStation::TaskScheduler is not documented.
  C:/Users/User/Desktop/Projects/MultiStation/ECS/Source/Task/TaskScheduller.hpp:15: warning: Member Finalize(void)=0 (function) of class MultiStation::TaskScheduler is not documented.
  C:/Users/User/Desktop/Projects/MultiStation/ECS/Source/Task/TaskScheduller.hpp:20: warning: Member RegisterTask(Task *task, ITaskMetadata *metadata)=0 (function) of class MultiStation::TaskScheduler is not documented.
  C:/Users/User/Desktop/Projects/MultiStation/ECS/Source/Task/TaskScheduller.hpp:23: warning: Member UnregisterTask(Task *task)=0 (function) of class MultiStation::TaskScheduler is not documented.
  C:/Users/User/Desktop/Projects/MultiStation/ECS/Source/Task/TaskScheduller.hpp:26: warning: Member Schedule(uint32_t threadID)=0 (function) of class MultiStation::TaskScheduler is not documented.
  C:/Users/User/Desktop/Projects/MultiStation/ECS/Source/Task/TaskScheduller.hpp:30: warning: Member NotifyThreadExit(uint32_t threadID)=0 (function) of class MultiStation::TaskScheduler is not documented.
  C:/Users/User/Desktop/Projects/MultiStation/ECS/Source/VersionControl.hpp:20: warning: Member GetVersion(void) const (function) of class MultiStation::VersionControl is not documented.
  C:/Users/User/Desktop/Projects/MultiStation/ECS/Source/VersionControl.hpp:23: warning: Member IncrementVersion(void) (function) of class MultiStation::VersionControl is not documented.
  Generating code for file Source/SystemManager/DependenciesBuilder.hpp...
  Generating code for file Source/SystemManager/SystemManager.hpp...
  Generating code for file Source/SystemManager/SystemTask.hpp...
  Generating code for file Source/Task/ITaskMetadata.hpp...
  Generating code for file Source/Task/Schedulers/DAG/DAGScheduler.hpp...
  Generating code for file Source/Task/Schedulers/Pipeline/Pipeline.hpp...
  Generating code for file Source/Task/Task.hpp...
  Generating code for file Source/Task/TaskManager.hpp...
  Generating code for file Source/Task/TaskScheduller.hpp...
  Generating code for file Source/Tests/JobSystem/TestJobSystem.hpp...
  Generating code for file Source/VersionControl.hpp...
  Generating file documentation...
  Generating docs for file Source/JobSystem/JobSystem.hpp...
  Generating page documentation...
  Generating group documentation...
  Generating class documentation...
  Generating concept documentation...
  Generating module documentation...
  Generating namespace documentation...
  Generating docs for namespace MultiStation
  Generating docs for compound MultiStation::ComponentArray< T >...
  Generating docs for compound MultiStation::IComponentArray...
  Generating docs for compound MultiStation::Entity...
  Generating docs for compound MultiStation::IComponent< Derived >...
  Generating docs for compound MultiStation::ISystem...
  Generating docs for nested compound MultiStation::ISystem::Dependencies...
  Generating docs for compound MultiStation::Job...
  Generating docs for compound MultiStation::JobSystem...
  Generating docs for compound MultiStation::Registry...
  Generating docs for compound MultiStation::DependenciesBuilder...
  Generating docs for compound MultiStation::SystemManager...
  Generating docs for compound MultiStation::SystemTask...
  Generating docs for nested compound MultiStation::SystemTask::Info...
  Generating docs for compound MultiStation::ITaskMetadata...
  Generating docs for compound MultiStation::DAGSchedulerTaskMetadata...
  Generating docs for compound MultiStation::DAGScheduler...
  Generating docs for compound MultiStation::IPipelineTaskMetadata...
  Generating docs for compound MultiStation::Pipeline...
  Generating docs for compound MultiStation::Task...
  Generating docs for compound MultiStation::TaskManager...
  Generating docs for nested compound MultiStation::TaskManager::ManagerInfo...
  Generating docs for nested compound MultiStation::TaskManager::PendingTask...
  Generating docs for compound MultiStation::TaskScheduler...
  Generating docs for compound MultiStation::VersionControl...
  Generating graph info page...
  Generating directory documentation...
  Generating index page...
  Generating page index...
  Generating topic index...
  Generating module index...
  Generating module member index...
  Generating namespace index...
  Generating namespace member index...
  Generating concept index...
  Generating annotated compound index...
  Generating alphabetical compound index...
  Generating hierarchical class index...
  Generating member index...
  Generating file index...
  Generating file member index...
  Generating example index...
  finalizing index lists...
  writing tag file...
  Running plantuml with JAVA...
  type lookup cache used 151/65536 hits=362 misses=214
  symbol lookup cache used 555/65536 hits=2455 misses=555
  finished...
C:\Program Files\Microsoft Visual Studio\2022\Community\MSBuild\Microsoft\VC\v170\Microsoft.CppCommon.targets(166,5): error MSB3073: The command "doxygen ./DoxyFile/Doxyfile
C:\Program Files\Microsoft Visual Studio\2022\Community\MSBuild\Microsoft\VC\v170\Microsoft.CppCommon.targets(166,5): error MSB3073: :VCEnd" exited with code -1.
