c:\users\user\desktop\projects\multistation\ecs\library\release\x64\ecs.pdb
c:\users\user\desktop\projects\multistation\ecs\objects\release\x64\textarchive.obj
c:\users\user\desktop\projects\multistation\ecs\objects\release\x64\systemmanager.obj
c:\users\user\desktop\projects\multistation\ecs\objects\release\x64\isystemmodule.obj
c:\users\user\desktop\projects\multistation\ecs\objects\release\x64\serializationregistry.obj
c:\users\user\desktop\projects\multistation\ecs\objects\release\x64\sceneserializer.obj
c:\users\user\desktop\projects\multistation\ecs\objects\release\x64\scenemanager.obj
c:\users\user\desktop\projects\multistation\ecs\objects\release\x64\scenegraph.obj
c:\users\user\desktop\projects\multistation\ecs\objects\release\x64\registry.obj
c:\users\user\desktop\projects\multistation\ecs\objects\release\x64\globals.obj
c:\users\user\desktop\projects\multistation\ecs\objects\release\x64\entitymanager.obj
c:\users\user\desktop\projects\multistation\ecs\objects\release\x64\icomponentarray.obj
c:\users\user\desktop\projects\multistation\ecs\objects\release\x64\scene.obj
c:\users\user\desktop\projects\multistation\ecs\objects\release\x64\engine.obj
c:\users\user\desktop\projects\multistation\ecs\library\release\x64\ecs.lib
c:\users\user\desktop\projects\multistation\ecs\objects\release\x64\ecs.vcxproj.filelistabsolute.txt
c:\users\user\desktop\projects\multistation\ecs\objects\release\x64\ecs.tlog\cl.command.1.tlog
c:\users\user\desktop\projects\multistation\ecs\objects\release\x64\ecs.tlog\cl.items.tlog
c:\users\user\desktop\projects\multistation\ecs\objects\release\x64\ecs.tlog\cl.read.1.tlog
c:\users\user\desktop\projects\multistation\ecs\objects\release\x64\ecs.tlog\cl.write.1.tlog
c:\users\user\desktop\projects\multistation\ecs\objects\release\x64\ecs.tlog\lib-link.read.1.tlog
c:\users\user\desktop\projects\multistation\ecs\objects\release\x64\ecs.tlog\lib-link.write.1.tlog
c:\users\user\desktop\projects\multistation\ecs\objects\release\x64\ecs.tlog\lib.command.1.tlog
