c:\users\user\desktop\projects\multistation\imageprocessing\objects\debug\win32\vc143.pdb
c:\users\user\desktop\projects\multistation\imageprocessing\objects\debug\win32\vc143.idb
c:\users\user\desktop\projects\multistation\imageprocessing\objects\debug\win32\magnitute.obj
c:\users\user\desktop\projects\multistation\imageprocessing\objects\debug\win32\sobelmask.obj
c:\users\user\desktop\projects\multistation\imageprocessing\objects\debug\win32\robinsonmask.obj
c:\users\user\desktop\projects\multistation\imageprocessing\objects\debug\win32\robertsmask.obj
c:\users\user\desktop\projects\multistation\imageprocessing\objects\debug\win32\prewittmask.obj
c:\users\user\desktop\projects\multistation\imageprocessing\objects\debug\win32\kirschmask.obj
c:\users\user\desktop\projects\multistation\imageprocessing\objects\debug\win32\masks.obj
c:\users\user\desktop\projects\multistation\imageprocessing\objects\debug\win32\linedetectionmask.obj
c:\users\user\desktop\projects\multistation\imageprocessing\objects\debug\win32\laplacemask.obj
c:\users\user\desktop\projects\multistation\imageprocessing\objects\debug\win32\inverse.obj
c:\users\user\desktop\projects\multistation\imageprocessing\objects\debug\win32\gausianoise.obj
c:\users\user\desktop\projects\multistation\imageprocessing\objects\debug\win32\histogram.obj
c:\users\user\desktop\projects\multistation\imageprocessing\objects\debug\win32\gammatransform.obj
c:\users\user\desktop\projects\multistation\imageprocessing\objects\debug\win32\extras.obj
c:\users\user\desktop\projects\multistation\imageprocessing\objects\debug\win32\convolution.obj
c:\users\user\desktop\projects\multistation\imageprocessing\objects\debug\win32\converters.obj
c:\users\user\desktop\projects\multistation\imageprocessing\objects\debug\win32\binarization.obj
c:\users\user\desktop\projects\multistation\imageprocessing\objects\debug\win32\filters.obj
c:\users\user\desktop\projects\multistation\imageprocessing\objects\debug\win32\highpassspatialmask.obj
c:\users\user\desktop\projects\multistation\imageprocessing\objects\debug\win32\lowpassspatialmask.obj
c:\users\user\desktop\projects\multistation\imageprocessing\objects\debug\win32\testlinedetector.obj
c:\users\user\desktop\projects\multistation\imageprocessing\objects\debug\win32\testall.obj
c:\users\user\desktop\projects\multistation\imageprocessing\objects\debug\win32\erg1ask2.obj
c:\users\user\desktop\projects\multistation\imageprocessing\objects\debug\win32\main.obj
c:\users\user\desktop\projects\multistation\imageprocessing\objects\debug\win32\erg1ask3.obj
c:\users\user\desktop\projects\multistation\imageprocessing\objects\debug\win32\erg1ask1.obj
c:\users\user\desktop\projects\multistation\imageprocessing\objects\debug\win32\sepia.obj
c:\users\user\desktop\projects\multistation\imageprocessing\objects\debug\win32\saltandpeppernoise.obj
c:\users\user\desktop\projects\multistation\imageprocessing\objects\debug\win32\rotation.obj
c:\users\user\desktop\projects\multistation\imageprocessing\objects\debug\win32\pixelbuffer.obj
c:\users\user\desktop\projects\multistation\imageprocessing\objects\debug\win32\operations.obj
c:\users\user\desktop\projects\multistation\imageprocessing\objects\debug\win32\imageprocessing.vcxproj.filelistabsolute.txt
c:\users\user\desktop\projects\multistation\imageprocessing\objects\debug\win32\imageprocessing.tlog\cl.command.1.tlog
c:\users\user\desktop\projects\multistation\imageprocessing\objects\debug\win32\imageprocessing.tlog\cl.read.1.tlog
c:\users\user\desktop\projects\multistation\imageprocessing\objects\debug\win32\imageprocessing.tlog\cl.write.1.tlog
c:\users\user\desktop\projects\multistation\imageprocessing\objects\debug\win32\imageprocessing.tlog\link.command.1.tlog
c:\users\user\desktop\projects\multistation\imageprocessing\objects\debug\win32\imageprocessing.tlog\link.read.1.tlog
c:\users\user\desktop\projects\multistation\imageprocessing\objects\debug\win32\imageprocessing.tlog\link.write.1.tlog
