C:\Program Files\Microsoft Visual Studio\2022\Community\MSBuild\Microsoft\VC\v170\Microsoft.CppBuild.targets(519,5): warning MSB8004: Intermediate Directory does not end with a trailing slash.  This build instance will add the slash as it is required to allow proper evaluation of the Intermediate Directory.
C:\Program Files\Microsoft Visual Studio\2022\Community\MSBuild\Microsoft\VC\v170\Microsoft.CppBuild.targets(520,5): warning MSB8004: Output Directory does not end with a trailing slash.  This build instance will add the slash as it is required to allow proper evaluation of the Output Directory.
  SandBox3D.cpp
C:\Users\User\Desktop\Projects\MultiStation\ECS\Source\ECSManager\ECSTemplateImpl.hpp(41,14): warning C4244: 'initializing': conversion from '__int64' to 'int', possible loss of data
  (compiling source file 'Source/SandBox3D.cpp')
      C:\Users\User\Desktop\Projects\MultiStation\ECS\Source\ECSManager\ECSTemplateImpl.hpp(41,14):
      the template instantiation context (the oldest one first) is
          C:\Users\User\Desktop\Projects\MultiStation\Application\Source\Scene\Scene.hpp(65,18):
          see reference to function template instantiation 'void MultiStation::ECSManager::AddComponent<MultiStation::EntityInfo,std::string&>(uint32_t,std::string &)' being compiled
  
C:\Users\User\Desktop\Projects\MultiStation\ECS\Source\ComponentArray\ComponentArray.hpp(292,7): warning C4101: 'x': unreferenced local variable
  (compiling source file 'Source/SandBox3D.cpp')
      C:\Users\User\Desktop\Projects\MultiStation\ECS\Source\ComponentArray\ComponentArray.hpp(292,7):
      the template instantiation context (the oldest one first) is
          C:\Users\User\Desktop\Projects\MultiStation\Application\Source\Scene\Scene.hpp(18,20):
          see reference to function template instantiation 'void MultiStation::ECSManager::Register<MultiStation::EntityInfo>(void)' being compiled
          C:\Users\User\Desktop\Projects\MultiStation\ECS\Source\ECSManager\ECSTemplateImpl.hpp(11,15):
          see reference to function template instantiation 'uint32_t MultiStation::Registry::Register<MultiStation::EntityInfo>(void)' being compiled
          C:\Users\User\Desktop\Projects\MultiStation\ECS\Source\ComponentArray\ComponentArray.hpp(264,59):
          while compiling class template member function 'void MultiStation::ComponentArray<MultiStation::EntityInfo>::RemoveComponent(uint32_t)'
              C:\Users\User\Desktop\Projects\MultiStation\ECS\Source\ComponentArray\ComponentArray.hpp(216,24):
              see the first reference to 'MultiStation::ComponentArray<MultiStation::EntityInfo>::RemoveComponent' in 'MultiStation::ComponentArray<MultiStation::EntityInfo>::RemoveEntity'
  
  Generating code
  1070 of 7775 functions (13.8%) were compiled, the rest were copied from previous compilation.
    360 functions were new in current compilation
    391 functions had inline decision re-evaluated but remain unchanged
  Finished generating code
  SandBox3D.vcxproj -> C:\Users\User\Desktop\Projects\MultiStation\SandBox3D\Application\Release\x64\SandBox3D.exe
