c:\users\user\desktop\projects\multistation\ecs\library\debug\x64\ecs.pdb
c:\users\user\desktop\projects\multistation\ecs\library\debug\x64\ecs.idb
c:\users\user\desktop\projects\multistation\ecs\objects\debug\x64\registry.obj
c:\users\user\desktop\projects\multistation\ecs\objects\debug\x64\systemmanager.obj
c:\users\user\desktop\projects\multistation\ecs\objects\debug\x64\jobsystem.obj
c:\users\user\desktop\projects\multistation\ecs\objects\debug\x64\job.obj
c:\users\user\desktop\projects\multistation\ecs\objects\debug\x64\ecsmanager.obj
c:\users\user\desktop\projects\multistation\ecs\objects\debug\x64\icomponent.obj
c:\users\user\desktop\projects\multistation\ecs\library\debug\x64\ecs.lib
c:\users\user\desktop\projects\multistation\ecs\objects\debug\x64\icomponentarray.obj
c:\users\user\desktop\projects\multistation\ecs\objects\debug\x64\isystem.obj
c:\users\user\desktop\projects\multistation\ecs\objects\debug\x64\versioncontrol.obj
c:\users\user\desktop\projects\multistation\ecs\objects\debug\x64\ecs.vcxproj.filelistabsolute.txt
c:\users\user\desktop\projects\multistation\ecs\objects\debug\x64\ecs.tlog\cl.command.1.tlog
c:\users\user\desktop\projects\multistation\ecs\objects\debug\x64\ecs.tlog\cl.items.tlog
c:\users\user\desktop\projects\multistation\ecs\objects\debug\x64\ecs.tlog\cl.read.1.tlog
c:\users\user\desktop\projects\multistation\ecs\objects\debug\x64\ecs.tlog\cl.write.1.tlog
c:\users\user\desktop\projects\multistation\ecs\objects\debug\x64\ecs.tlog\lib-link.read.1.tlog
c:\users\user\desktop\projects\multistation\ecs\objects\debug\x64\ecs.tlog\lib-link.write.1.tlog
c:\users\user\desktop\projects\multistation\ecs\objects\debug\x64\ecs.tlog\lib.command.1.tlog
