C:\Program Files\Microsoft Visual Studio\2022\Community\MSBuild\Microsoft\VC\v170\Microsoft.CppBuild.targets(519,5): warning MSB8004: Intermediate Directory does not end with a trailing slash.  This build instance will add the slash as it is required to allow proper evaluation of the Intermediate Directory.
C:\Program Files\Microsoft Visual Studio\2022\Community\MSBuild\Microsoft\VC\v170\Microsoft.CppBuild.targets(520,5): warning MSB8004: Output Directory does not end with a trailing slash.  This build instance will add the slash as it is required to allow proper evaluation of the Output Directory.
  Debug.cpp
C:\Users\User\Desktop\Projects\MultiStation\Platform\Source\Debug\Debug.cpp(1,1): warning C4828: The file contains a character starting at offset 0x335 that is illegal in the current source character set (codepage 65001).
C:\Users\User\Desktop\Projects\MultiStation\Platform\Source\Debug\Debug.cpp(1,1): warning C4828: The file contains a character starting at offset 0x337 that is illegal in the current source character set (codepage 65001).
C:\Users\User\Desktop\Projects\MultiStation\Platform\Source\Debug\Debug.cpp(1,1): warning C4828: The file contains a character starting at offset 0x33b that is illegal in the current source character set (codepage 65001).
C:\Users\User\Desktop\Projects\MultiStation\Platform\Source\Debug\Debug.cpp(1,1): warning C4828: The file contains a character starting at offset 0x33e that is illegal in the current source character set (codepage 65001).
C:\Users\User\Desktop\Projects\MultiStation\Platform\Source\Debug\Debug.cpp(1,1): warning C4828: The file contains a character starting at offset 0x353 that is illegal in the current source character set (codepage 65001).
C:\Users\User\Desktop\Projects\MultiStation\Platform\Source\Debug\Debug.cpp(1,1): warning C4828: The file contains a character starting at offset 0x357 that is illegal in the current source character set (codepage 65001).
C:\Users\User\Desktop\Projects\MultiStation\Platform\Source\Debug\Debug.cpp(1,1): warning C4828: The file contains a character starting at offset 0x35a that is illegal in the current source character set (codepage 65001).
C:\Users\User\Desktop\Projects\MultiStation\Platform\Source\Debug\Debug.cpp(1,1): warning C4828: The file contains a character starting at offset 0x360 that is illegal in the current source character set (codepage 65001).
C:\Users\User\Desktop\Projects\MultiStation\Platform\Source\Debug\Debug.cpp(1,1): warning C4828: The file contains a character starting at offset 0x364 that is illegal in the current source character set (codepage 65001).
C:\Users\User\Desktop\Projects\MultiStation\Platform\Source\Debug\Debug.cpp(1,1): warning C4828: The file contains a character starting at offset 0x367 that is illegal in the current source character set (codepage 65001).
C:\Users\User\Desktop\Projects\MultiStation\Platform\Source\Debug\Debug.cpp(1,1): warning C4828: The file contains a character starting at offset 0x369 that is illegal in the current source character set (codepage 65001).
C:\Users\User\Desktop\Projects\MultiStation\Platform\Source\Debug\Debug.cpp(1,1): warning C4828: The file contains a character starting at offset 0x36c that is illegal in the current source character set (codepage 65001).
C:\Users\User\Desktop\Projects\MultiStation\Platform\Source\Debug\Debug.cpp(1,1): warning C4828: The file contains a character starting at offset 0x371 that is illegal in the current source character set (codepage 65001).
C:\Users\User\Desktop\Projects\MultiStation\Platform\Source\Debug\Debug.cpp(1,1): warning C4828: The file contains a character starting at offset 0x375 that is illegal in the current source character set (codepage 65001).
C:\Users\User\Desktop\Projects\MultiStation\Platform\Source\Debug\Debug.cpp(1,1): warning C4828: The file contains a character starting at offset 0x5e2 that is illegal in the current source character set (codepage 65001).
C:\Users\User\Desktop\Projects\MultiStation\Platform\Source\Debug\Debug.cpp(1,1): warning C4828: The file contains a character starting at offset 0x5e4 that is illegal in the current source character set (codepage 65001).
C:\Users\User\Desktop\Projects\MultiStation\Platform\Source\Debug\Debug.cpp(1,1): warning C4828: The file contains a character starting at offset 0x5e7 that is illegal in the current source character set (codepage 65001).
C:\Users\User\Desktop\Projects\MultiStation\Platform\Source\Debug\Debug.cpp(1,1): warning C4828: The file contains a character starting at offset 0x5ea that is illegal in the current source character set (codepage 65001).
C:\Users\User\Desktop\Projects\MultiStation\Platform\Source\Debug\Debug.cpp(1,1): warning C4828: The file contains a character starting at offset 0x5ec that is illegal in the current source character set (codepage 65001).
C:\Users\User\Desktop\Projects\MultiStation\Platform\Source\Debug\Debug.hpp(1,1): warning C4828: The file contains a character starting at offset 0x1f1 that is illegal in the current source character set (codepage 65001).
  (compiling source file 'Source/Debug/Debug.cpp')
  
C:\Users\User\Desktop\Projects\MultiStation\Platform\Source\Debug\Debug.hpp(1,1): warning C4828: The file contains a character starting at offset 0x20c that is illegal in the current source character set (codepage 65001).
  (compiling source file 'Source/Debug/Debug.cpp')
  
C:\Users\User\Desktop\Projects\MultiStation\Platform\Source\Debug\Debug.hpp(1,1): warning C4828: The file contains a character starting at offset 0x20f that is illegal in the current source character set (codepage 65001).
  (compiling source file 'Source/Debug/Debug.cpp')
  
C:\Users\User\Desktop\Projects\MultiStation\Platform\Source\Debug\Debug.hpp(1,1): warning C4828: The file contains a character starting at offset 0x212 that is illegal in the current source character set (codepage 65001).
  (compiling source file 'Source/Debug/Debug.cpp')
  
C:\Users\User\Desktop\Projects\MultiStation\Platform\Source\Debug\Debug.hpp(1,1): warning C4828: The file contains a character starting at offset 0x215 that is illegal in the current source character set (codepage 65001).
  (compiling source file 'Source/Debug/Debug.cpp')
  
C:\Users\User\Desktop\Projects\MultiStation\Platform\Source\Debug\Debug.hpp(1,1): warning C4828: The file contains a character starting at offset 0x219 that is illegal in the current source character set (codepage 65001).
  (compiling source file 'Source/Debug/Debug.cpp')
  
C:\Users\User\Desktop\Projects\MultiStation\Platform\Source\Debug\Debug.hpp(1,1): warning C4828: The file contains a character starting at offset 0x276 that is illegal in the current source character set (codepage 65001).
  (compiling source file 'Source/Debug/Debug.cpp')
  
C:\Users\User\Desktop\Projects\MultiStation\Platform\Source\Debug\Debug.hpp(1,1): warning C4828: The file contains a character starting at offset 0x278 that is illegal in the current source character set (codepage 65001).
  (compiling source file 'Source/Debug/Debug.cpp')
  
C:\Users\User\Desktop\Projects\MultiStation\Platform\Source\Debug\Debug.hpp(1,1): warning C4828: The file contains a character starting at offset 0x27c that is illegal in the current source character set (codepage 65001).
  (compiling source file 'Source/Debug/Debug.cpp')
  
C:\Users\User\Desktop\Projects\MultiStation\Platform\Source\Debug\Debug.hpp(1,1): warning C4828: The file contains a character starting at offset 0x27f that is illegal in the current source character set (codepage 65001).
  (compiling source file 'Source/Debug/Debug.cpp')
  
C:\Users\User\Desktop\Projects\MultiStation\Platform\Source\Debug\Debug.hpp(1,1): warning C4828: The file contains a character starting at offset 0x281 that is illegal in the current source character set (codepage 65001).
  (compiling source file 'Source/Debug/Debug.cpp')
  
  Platform.vcxproj -> C:\Users\User\Desktop\Projects\MultiStation\Platform\Library\Debug\x64\Platform.lib
