c:\users\user\desktop\projects\multistation\glfw\library\debug\x64\glfw.pdb
c:\users\user\desktop\projects\multistation\glfw\library\debug\x64\glfw.idb
c:\users\user\desktop\projects\multistation\glfw\objects\debug\x64\window.obj
c:\users\user\desktop\projects\multistation\glfw\objects\debug\x64\win32_window.obj
c:\users\user\desktop\projects\multistation\glfw\objects\debug\x64\win32_time.obj
c:\users\user\desktop\projects\multistation\glfw\objects\debug\x64\win32_thread.obj
c:\users\user\desktop\projects\multistation\glfw\objects\debug\x64\win32_monitor.obj
c:\users\user\desktop\projects\multistation\glfw\objects\debug\x64\win32_module.obj
c:\users\user\desktop\projects\multistation\glfw\objects\debug\x64\win32_joystick.obj
c:\users\user\desktop\projects\multistation\glfw\objects\debug\x64\win32_init.obj
c:\users\user\desktop\projects\multistation\glfw\objects\debug\x64\wgl_context.obj
c:\users\user\desktop\projects\multistation\glfw\objects\debug\x64\vulkan.obj
c:\users\user\desktop\projects\multistation\glfw\objects\debug\x64\platform.obj
c:\users\user\desktop\projects\multistation\glfw\objects\debug\x64\monitor.obj
c:\users\user\desktop\projects\multistation\glfw\objects\debug\x64\input.obj
c:\users\user\desktop\projects\multistation\glfw\objects\debug\x64\init.obj
c:\users\user\desktop\projects\multistation\glfw\objects\debug\x64\egl_context.obj
c:\users\user\desktop\projects\multistation\glfw\objects\debug\x64\context.obj
c:\users\user\desktop\projects\multistation\glfw\objects\debug\x64\null_window.obj
c:\users\user\desktop\projects\multistation\glfw\objects\debug\x64\null_monitor.obj
c:\users\user\desktop\projects\multistation\glfw\objects\debug\x64\null_joystick.obj
c:\users\user\desktop\projects\multistation\glfw\objects\debug\x64\null_init.obj
c:\users\user\desktop\projects\multistation\glfw\objects\debug\x64\osmesa_context.obj
c:\users\user\desktop\projects\multistation\glfw\library\debug\x64\glfw.lib
c:\users\user\desktop\projects\multistation\glfw\objects\debug\x64\glfw.vcxproj.filelistabsolute.txt
c:\users\user\desktop\projects\multistation\glfw\objects\debug\x64\glfw.tlog\cl.command.1.tlog
c:\users\user\desktop\projects\multistation\glfw\objects\debug\x64\glfw.tlog\cl.items.tlog
c:\users\user\desktop\projects\multistation\glfw\objects\debug\x64\glfw.tlog\cl.read.1.tlog
c:\users\user\desktop\projects\multistation\glfw\objects\debug\x64\glfw.tlog\cl.write.1.tlog
c:\users\user\desktop\projects\multistation\glfw\objects\debug\x64\glfw.tlog\lib-link.read.1.tlog
c:\users\user\desktop\projects\multistation\glfw\objects\debug\x64\glfw.tlog\lib-link.write.1.tlog
c:\users\user\desktop\projects\multistation\glfw\objects\debug\x64\glfw.tlog\lib.command.1.tlog
