c:\users\user\desktop\projects\multistation\media\library\debug\x64\media.pdb
c:\users\user\desktop\projects\multistation\media\library\debug\x64\media.idb
c:\users\user\desktop\projects\multistation\media\objects\debug\x64\window.obj
c:\users\user\desktop\projects\multistation\media\objects\debug\x64\input.obj
c:\users\user\desktop\projects\multistation\media\objects\debug\x64\myglfwinput.obj
c:\users\user\desktop\projects\multistation\media\objects\debug\x64\glfwwindow.obj
c:\users\user\desktop\projects\multistation\media\objects\debug\x64\glfwevents.obj
c:\users\user\desktop\projects\multistation\media\objects\debug\x64\layerstack.obj
c:\users\user\desktop\projects\multistation\media\objects\debug\x64\layer.obj
c:\users\user\desktop\projects\multistation\media\objects\debug\x64\vlayout.obj
c:\users\user\desktop\projects\multistation\media\objects\debug\x64\vbuffer.obj
c:\users\user\desktop\projects\multistation\media\objects\debug\x64\ubuffer.obj
c:\users\user\desktop\projects\multistation\media\objects\debug\x64\texture2dresolution.obj
c:\users\user\desktop\projects\multistation\media\objects\debug\x64\texture2d.obj
c:\users\user\desktop\projects\multistation\media\objects\debug\x64\vshader.obj
c:\users\user\desktop\projects\multistation\media\objects\debug\x64\shader.obj
c:\users\user\desktop\projects\multistation\media\objects\debug\x64\fshader.obj
c:\users\user\desktop\projects\multistation\media\objects\debug\x64\init.obj
c:\users\user\desktop\projects\multistation\media\objects\debug\x64\format.obj
c:\users\user\desktop\projects\multistation\media\objects\debug\x64\fbuffer.obj
c:\users\user\desktop\projects\multistation\media\objects\debug\x64\error.obj
c:\users\user\desktop\projects\multistation\media\objects\debug\x64\commands.obj
c:\users\user\desktop\projects\multistation\media\objects\debug\x64\windowproperties.obj
c:\users\user\desktop\projects\multistation\media\library\debug\x64\media.lib
c:\users\user\desktop\projects\multistation\media\objects\debug\x64\media.vcxproj.filelistabsolute.txt
c:\users\user\desktop\projects\multistation\media\objects\debug\x64\media.tlog\cl.command.1.tlog
c:\users\user\desktop\projects\multistation\media\objects\debug\x64\media.tlog\cl.items.tlog
c:\users\user\desktop\projects\multistation\media\objects\debug\x64\media.tlog\cl.read.1.tlog
c:\users\user\desktop\projects\multistation\media\objects\debug\x64\media.tlog\cl.write.1.tlog
c:\users\user\desktop\projects\multistation\media\objects\debug\x64\media.tlog\lib-link.read.1.tlog
c:\users\user\desktop\projects\multistation\media\objects\debug\x64\media.tlog\lib-link.write.1.tlog
c:\users\user\desktop\projects\multistation\media\objects\debug\x64\media.tlog\lib.command.1.tlog
