C:\Program Files\Microsoft Visual Studio\2022\Community\MSBuild\Microsoft\VC\v170\Microsoft.CppBuild.targets(519,5): warning MSB8004: Intermediate Directory does not end with a trailing slash.  This build instance will add the slash as it is required to allow proper evaluation of the Intermediate Directory.
C:\Program Files\Microsoft Visual Studio\2022\Community\MSBuild\Microsoft\VC\v170\Microsoft.CppBuild.targets(520,5): warning MSB8004: Output Directory does not end with a trailing slash.  This build instance will add the slash as it is required to allow proper evaluation of the Output Directory.
  Error.cpp
  FBuffer.cpp
C:\Users\User\Desktop\Projects\MultiStation\MediaLibrary\Source\GraphicsApi\FBuffer\FBuffer.cpp(52,80): warning C4244: 'argument': conversion from 'T' to 'GLsizei', possible loss of data
C:\Users\User\Desktop\Projects\MultiStation\MediaLibrary\Source\GraphicsApi\FBuffer\FBuffer.cpp(52,80): warning C4244:         with
C:\Users\User\Desktop\Projects\MultiStation\MediaLibrary\Source\GraphicsApi\FBuffer\FBuffer.cpp(52,80): warning C4244:         [
C:\Users\User\Desktop\Projects\MultiStation\MediaLibrary\Source\GraphicsApi\FBuffer\FBuffer.cpp(52,80): warning C4244:             T=float
C:\Users\User\Desktop\Projects\MultiStation\MediaLibrary\Source\GraphicsApi\FBuffer\FBuffer.cpp(52,80): warning C4244:         ]
C:\Users\User\Desktop\Projects\MultiStation\MediaLibrary\Source\GraphicsApi\FBuffer\FBuffer.cpp(52,65): warning C4244: 'argument': conversion from 'T' to 'GLsizei', possible loss of data
C:\Users\User\Desktop\Projects\MultiStation\MediaLibrary\Source\GraphicsApi\FBuffer\FBuffer.cpp(52,65): warning C4244:         with
C:\Users\User\Desktop\Projects\MultiStation\MediaLibrary\Source\GraphicsApi\FBuffer\FBuffer.cpp(52,65): warning C4244:         [
C:\Users\User\Desktop\Projects\MultiStation\MediaLibrary\Source\GraphicsApi\FBuffer\FBuffer.cpp(52,65): warning C4244:             T=float
C:\Users\User\Desktop\Projects\MultiStation\MediaLibrary\Source\GraphicsApi\FBuffer\FBuffer.cpp(52,65): warning C4244:         ]
C:\Users\User\Desktop\Projects\MultiStation\MediaLibrary\Source\GraphicsApi\FBuffer\FBuffer.cpp(52,49): warning C4244: 'argument': conversion from 'T' to 'GLint', possible loss of data
C:\Users\User\Desktop\Projects\MultiStation\MediaLibrary\Source\GraphicsApi\FBuffer\FBuffer.cpp(52,49): warning C4244:         with
C:\Users\User\Desktop\Projects\MultiStation\MediaLibrary\Source\GraphicsApi\FBuffer\FBuffer.cpp(52,49): warning C4244:         [
C:\Users\User\Desktop\Projects\MultiStation\MediaLibrary\Source\GraphicsApi\FBuffer\FBuffer.cpp(52,49): warning C4244:             T=float
C:\Users\User\Desktop\Projects\MultiStation\MediaLibrary\Source\GraphicsApi\FBuffer\FBuffer.cpp(52,49): warning C4244:         ]
C:\Users\User\Desktop\Projects\MultiStation\MediaLibrary\Source\GraphicsApi\FBuffer\FBuffer.cpp(52,34): warning C4244: 'argument': conversion from 'T' to 'GLint', possible loss of data
C:\Users\User\Desktop\Projects\MultiStation\MediaLibrary\Source\GraphicsApi\FBuffer\FBuffer.cpp(52,34): warning C4244:         with
C:\Users\User\Desktop\Projects\MultiStation\MediaLibrary\Source\GraphicsApi\FBuffer\FBuffer.cpp(52,34): warning C4244:         [
C:\Users\User\Desktop\Projects\MultiStation\MediaLibrary\Source\GraphicsApi\FBuffer\FBuffer.cpp(52,34): warning C4244:             T=float
C:\Users\User\Desktop\Projects\MultiStation\MediaLibrary\Source\GraphicsApi\FBuffer\FBuffer.cpp(52,34): warning C4244:         ]
C:\Users\User\Desktop\Projects\MultiStation\MediaLibrary\Source\GraphicsApi\FBuffer\FBuffer.cpp(59,27): warning C4018: '<': signed/unsigned mismatch
C:\Users\User\Desktop\Projects\MultiStation\MediaLibrary\Source\GraphicsApi\FBuffer\FBuffer.cpp(88,27): warning C4018: '<': signed/unsigned mismatch
C:\Users\User\Desktop\Projects\MultiStation\MediaLibrary\Source\GraphicsApi\FBuffer\FBuffer.cpp(97,27): warning C4018: '<': signed/unsigned mismatch
C:\Users\User\Desktop\Projects\MultiStation\MediaLibrary\Source\GraphicsApi\FBuffer\FBuffer.cpp(64,22): warning C4101: 'trash': unreferenced local variable
C:\Users\User\Desktop\Projects\MultiStation\MediaLibrary\Source\GraphicsApi\FBuffer\FBuffer.cpp(128,31): warning C4018: '<': signed/unsigned mismatch
C:\Users\User\Desktop\Projects\MultiStation\MediaLibrary\Source\GraphicsApi\FBuffer\FBuffer.cpp(156,9): warning C4244: 'argument': conversion from 'const T' to 'GLsizei', possible loss of data
C:\Users\User\Desktop\Projects\MultiStation\MediaLibrary\Source\GraphicsApi\FBuffer\FBuffer.cpp(156,9): warning C4244:         with
C:\Users\User\Desktop\Projects\MultiStation\MediaLibrary\Source\GraphicsApi\FBuffer\FBuffer.cpp(156,9): warning C4244:         [
C:\Users\User\Desktop\Projects\MultiStation\MediaLibrary\Source\GraphicsApi\FBuffer\FBuffer.cpp(156,9): warning C4244:             T=float
C:\Users\User\Desktop\Projects\MultiStation\MediaLibrary\Source\GraphicsApi\FBuffer\FBuffer.cpp(156,9): warning C4244:         ]
C:\Users\User\Desktop\Projects\MultiStation\MediaLibrary\Source\GraphicsApi\FBuffer\FBuffer.cpp(156,9): warning C4244: 'argument': conversion from 'const T' to 'GLint', possible loss of data
C:\Users\User\Desktop\Projects\MultiStation\MediaLibrary\Source\GraphicsApi\FBuffer\FBuffer.cpp(156,9): warning C4244:         with
C:\Users\User\Desktop\Projects\MultiStation\MediaLibrary\Source\GraphicsApi\FBuffer\FBuffer.cpp(156,9): warning C4244:         [
C:\Users\User\Desktop\Projects\MultiStation\MediaLibrary\Source\GraphicsApi\FBuffer\FBuffer.cpp(156,9): warning C4244:             T=float
C:\Users\User\Desktop\Projects\MultiStation\MediaLibrary\Source\GraphicsApi\FBuffer\FBuffer.cpp(156,9): warning C4244:         ]
  GLFWWin.cpp
  Generating Code...
  MediaLibrary.vcxproj -> C:\Users\User\Desktop\Projects\MultiStation\MediaLibrary\Library\Debug\Win32\MediaLibrary.lib
