C:\Program Files\Microsoft Visual Studio\2022\Community\MSBuild\Microsoft\VC\v170\Microsoft.CppBuild.targets(519,5): warning MSB8004: Intermediate Directory does not end with a trailing slash.  This build instance will add the slash as it is required to allow proper evaluation of the Intermediate Directory.
C:\Program Files\Microsoft Visual Studio\2022\Community\MSBuild\Microsoft\VC\v170\Microsoft.CppBuild.targets(520,5): warning MSB8004: Output Directory does not end with a trailing slash.  This build instance will add the slash as it is required to allow proper evaluation of the Output Directory.
  Debug.cpp
C:\Users\User\Desktop\Projects\MultiStation\Platform\Source\Debug\Debug.cpp(1,1): warning C4828: The file contains a character starting at offset 0x335 that is illegal in the current source character set (codepage 65001).
C:\Users\User\Desktop\Projects\MultiStation\Platform\Source\Debug\Debug.cpp(1,1): warning C4828: The file contains a character starting at offset 0x337 that is illegal in the current source character set (codepage 65001).
C:\Users\User\Desktop\Projects\MultiStation\Platform\Source\Debug\Debug.cpp(1,1): warning C4828: The file contains a character starting at offset 0x33b that is illegal in the current source character set (codepage 65001).
C:\Users\User\Desktop\Projects\MultiStation\Platform\Source\Debug\Debug.cpp(1,1): warning C4828: The file contains a character starting at offset 0x33e that is illegal in the current source character set (codepage 65001).
C:\Users\User\Desktop\Projects\MultiStation\Platform\Source\Debug\Debug.cpp(1,1): warning C4828: The file contains a character starting at offset 0x353 that is illegal in the current source character set (codepage 65001).
C:\Users\User\Desktop\Projects\MultiStation\Platform\Source\Debug\Debug.cpp(1,1): warning C4828: The file contains a character starting at offset 0x357 that is illegal in the current source character set (codepage 65001).
C:\Users\User\Desktop\Projects\MultiStation\Platform\Source\Debug\Debug.cpp(1,1): warning C4828: The file contains a character starting at offset 0x35a that is illegal in the current source character set (codepage 65001).
C:\Users\User\Desktop\Projects\MultiStation\Platform\Source\Debug\Debug.cpp(1,1): warning C4828: The file contains a character starting at offset 0x360 that is illegal in the current source character set (codepage 65001).
C:\Users\User\Desktop\Projects\MultiStation\Platform\Source\Debug\Debug.cpp(1,1): warning C4828: The file contains a character starting at offset 0x364 that is illegal in the current source character set (codepage 65001).
C:\Users\User\Desktop\Projects\MultiStation\Platform\Source\Debug\Debug.cpp(1,1): warning C4828: The file contains a character starting at offset 0x367 that is illegal in the current source character set (codepage 65001).
C:\Users\User\Desktop\Projects\MultiStation\Platform\Source\Debug\Debug.cpp(1,1): warning C4828: The file contains a character starting at offset 0x369 that is illegal in the current source character set (codepage 65001).
C:\Users\User\Desktop\Projects\MultiStation\Platform\Source\Debug\Debug.cpp(1,1): warning C4828: The file contains a character starting at offset 0x36c that is illegal in the current source character set (codepage 65001).
C:\Users\User\Desktop\Projects\MultiStation\Platform\Source\Debug\Debug.cpp(1,1): warning C4828: The file contains a character starting at offset 0x371 that is illegal in the current source character set (codepage 65001).
C:\Users\User\Desktop\Projects\MultiStation\Platform\Source\Debug\Debug.cpp(1,1): warning C4828: The file contains a character starting at offset 0x375 that is illegal in the current source character set (codepage 65001).
C:\Users\User\Desktop\Projects\MultiStation\Platform\Source\Debug\Debug.cpp(1,1): warning C4828: The file contains a character starting at offset 0x5e2 that is illegal in the current source character set (codepage 65001).
C:\Users\User\Desktop\Projects\MultiStation\Platform\Source\Debug\Debug.cpp(1,1): warning C4828: The file contains a character starting at offset 0x5e4 that is illegal in the current source character set (codepage 65001).
C:\Users\User\Desktop\Projects\MultiStation\Platform\Source\Debug\Debug.cpp(1,1): warning C4828: The file contains a character starting at offset 0x5e7 that is illegal in the current source character set (codepage 65001).
C:\Users\User\Desktop\Projects\MultiStation\Platform\Source\Debug\Debug.cpp(1,1): warning C4828: The file contains a character starting at offset 0x5ea that is illegal in the current source character set (codepage 65001).
C:\Users\User\Desktop\Projects\MultiStation\Platform\Source\Debug\Debug.cpp(1,1): warning C4828: The file contains a character starting at offset 0x5ec that is illegal in the current source character set (codepage 65001).
C:\Users\User\Desktop\Projects\MultiStation\Platform\Source\Debug\Debug.hpp(1,1): warning C4828: The file contains a character starting at offset 0x1dc that is illegal in the current source character set (codepage 65001).
  (compiling source file 'Source/Debug/Debug.cpp')
  
C:\Users\User\Desktop\Projects\MultiStation\Platform\Source\Debug\Debug.hpp(1,1): warning C4828: The file contains a character starting at offset 0x1f7 that is illegal in the current source character set (codepage 65001).
  (compiling source file 'Source/Debug/Debug.cpp')
  
C:\Users\User\Desktop\Projects\MultiStation\Platform\Source\Debug\Debug.hpp(1,1): warning C4828: The file contains a character starting at offset 0x1fa that is illegal in the current source character set (codepage 65001).
  (compiling source file 'Source/Debug/Debug.cpp')
  
C:\Users\User\Desktop\Projects\MultiStation\Platform\Source\Debug\Debug.hpp(1,1): warning C4828: The file contains a character starting at offset 0x1fd that is illegal in the current source character set (codepage 65001).
  (compiling source file 'Source/Debug/Debug.cpp')
  
C:\Users\User\Desktop\Projects\MultiStation\Platform\Source\Debug\Debug.hpp(1,1): warning C4828: The file contains a character starting at offset 0x200 that is illegal in the current source character set (codepage 65001).
  (compiling source file 'Source/Debug/Debug.cpp')
  
C:\Users\User\Desktop\Projects\MultiStation\Platform\Source\Debug\Debug.hpp(1,1): warning C4828: The file contains a character starting at offset 0x204 that is illegal in the current source character set (codepage 65001).
  (compiling source file 'Source/Debug/Debug.cpp')
  
C:\Users\User\Desktop\Projects\MultiStation\Platform\Source\Debug\Debug.hpp(1,1): warning C4828: The file contains a character starting at offset 0x261 that is illegal in the current source character set (codepage 65001).
  (compiling source file 'Source/Debug/Debug.cpp')
  
C:\Users\User\Desktop\Projects\MultiStation\Platform\Source\Debug\Debug.hpp(1,1): warning C4828: The file contains a character starting at offset 0x263 that is illegal in the current source character set (codepage 65001).
  (compiling source file 'Source/Debug/Debug.cpp')
  
C:\Users\User\Desktop\Projects\MultiStation\Platform\Source\Debug\Debug.hpp(1,1): warning C4828: The file contains a character starting at offset 0x267 that is illegal in the current source character set (codepage 65001).
  (compiling source file 'Source/Debug/Debug.cpp')
  
C:\Users\User\Desktop\Projects\MultiStation\Platform\Source\Debug\Debug.hpp(1,1): warning C4828: The file contains a character starting at offset 0x26a that is illegal in the current source character set (codepage 65001).
  (compiling source file 'Source/Debug/Debug.cpp')
  
C:\Users\User\Desktop\Projects\MultiStation\Platform\Source\Debug\Debug.hpp(1,1): warning C4828: The file contains a character starting at offset 0x26c that is illegal in the current source character set (codepage 65001).
  (compiling source file 'Source/Debug/Debug.cpp')
  
C:\Users\User\Desktop\Projects\MultiStation\Platform\Externals\spdlog\include\spdlog\fmt\bundled\format.h(2537,32): warning C4244: 'argument': conversion from 'unsigned __int64' to 'size_t', possible loss of data
  (compiling source file 'Source/Debug/Debug.cpp')
      C:\Users\User\Desktop\Projects\MultiStation\Platform\Externals\spdlog\include\spdlog\fmt\bundled\format.h(2537,32):
      the template instantiation context (the oldest one first) is
          C:\Users\User\Desktop\Projects\MultiStation\Platform\Externals\spdlog\include\spdlog\fmt\bundled\format-inl.h(1455,24):
          see reference to function template instantiation 'void fmt::v12::basic_format_arg<Context>::visit<fmt::v12::detail::default_arg_formatter<char>>(Visitor &&) const' being compiled
          with
          [
              Context=fmt::v12::context,
              Visitor=fmt::v12::detail::default_arg_formatter<char>
          ]
              C:\Users\User\Desktop\Projects\MultiStation\Platform\Externals\spdlog\include\spdlog\fmt\bundled\format-inl.h(1455,5):
              see the first reference to 'fmt::v12::basic_format_arg<Context>::visit' in 'fmt::v12::detail::vformat_to'
          with
          [
              Context=fmt::v12::context
          ]
          C:\Users\User\Desktop\Projects\MultiStation\Platform\Externals\spdlog\include\spdlog\fmt\bundled\base.h(2556,49):
          see reference to function template instantiation 'void fmt::v12::detail::default_arg_formatter<char>::operator ()<float,0>(T)' being compiled
          with
          [
              T=float
          ]
          C:\Users\User\Desktop\Projects\MultiStation\Platform\Externals\spdlog\include\spdlog\fmt\bundled\format.h(3661,5):
          see reference to function template instantiation 'OutputIt fmt::v12::detail::write<char,fmt::v12::basic_appender<char>,T,0>(OutputIt,T)' being compiled
          with
          [
              OutputIt=fmt::v12::basic_appender<char>,
              T=float
          ]
          C:\Users\User\Desktop\Projects\MultiStation\Platform\Externals\spdlog\include\spdlog\fmt\bundled\format.h(3516,12):
          see reference to function template instantiation 'OutputIt fmt::v12::detail::write_fixed<char,fmt::v12::detail::fallback_digit_grouping<char>,OutputIt,fmt::v12::detail::dragonbox::decimal_fp<float>>(OutputIt,const DecimalFP &,int,Char,const fmt::v12::format_specs &,fmt::v12::sign,fmt::v12::locale_ref)' being compiled
          with
          [
              OutputIt=fmt::v12::basic_appender<char>,
              DecimalFP=fmt::v12::detail::dragonbox::decimal_fp<float>,
              Char=char
          ]
  
C:\Users\User\Desktop\Projects\MultiStation\Platform\Externals\spdlog\include\spdlog\fmt\bundled\format.h(2553,30): warning C4244: 'argument': conversion from 'unsigned __int64' to 'size_t', possible loss of data
  (compiling source file 'Source/Debug/Debug.cpp')
  
C:\Users\User\Desktop\Projects\MultiStation\Platform\Externals\spdlog\include\spdlog\fmt\bundled\format.h(2599,61): warning C4244: 'argument': conversion from 'unsigned __int64' to 'size_t', possible loss of data
  (compiling source file 'Source/Debug/Debug.cpp')
      C:\Users\User\Desktop\Projects\MultiStation\Platform\Externals\spdlog\include\spdlog\fmt\bundled\format.h(2599,61):
      the template instantiation context (the oldest one first) is
          C:\Users\User\Desktop\Projects\MultiStation\Platform\Externals\spdlog\include\spdlog\fmt\bundled\format.h(3504,39):
          see reference to function template instantiation 'OutputIt fmt::v12::detail::write<char,OutputIt,T,0>(OutputIt,T,fmt::v12::format_specs,fmt::v12::locale_ref)' being compiled
          with
          [
              OutputIt=fmt::v12::basic_appender<char>,
              T=float
          ]
          C:\Users\User\Desktop\Projects\MultiStation\Platform\Externals\spdlog\include\spdlog\fmt\bundled\format.h(3470,14):
          see reference to function template instantiation 'OutputIt fmt::v12::detail::write_float<char,OutputIt,fmt::v12::detail::dragonbox::decimal_fp<float>>(OutputIt,const DecimalFP &,const fmt::v12::format_specs &,fmt::v12::sign,int,fmt::v12::locale_ref)' being compiled
          with
          [
              OutputIt=fmt::v12::basic_appender<char>,
              DecimalFP=fmt::v12::detail::dragonbox::decimal_fp<float>
          ]
          C:\Users\User\Desktop\Projects\MultiStation\Platform\Externals\spdlog\include\spdlog\fmt\bundled\format.h(2608,12):
          see reference to function template instantiation 'OutputIt fmt::v12::detail::do_write_float<char,fmt::v12::detail::fallback_digit_grouping<char>,OutputIt,DecimalFP>(OutputIt,const DecimalFP &,const fmt::v12::format_specs &,fmt::v12::sign,int,fmt::v12::locale_ref)' being compiled
          with
          [
              OutputIt=fmt::v12::basic_appender<char>,
              DecimalFP=fmt::v12::detail::dragonbox::decimal_fp<float>
          ]
  
C:\Users\User\Desktop\Projects\MultiStation\Platform\Externals\spdlog\include\spdlog\fmt\bundled\format.h(2600,54): warning C4244: 'argument': conversion from 'unsigned __int64' to 'size_t', possible loss of data
  (compiling source file 'Source/Debug/Debug.cpp')
  
  bmp.cpp
  Time.cpp
C:\Users\User\Desktop\Projects\MultiStation\Platform\Source\Time\Time.cpp(1,1): warning C4828: The file contains a character starting at offset 0x12c that is illegal in the current source character set (codepage 65001).
C:\Users\User\Desktop\Projects\MultiStation\Platform\Source\Time\Time.cpp(1,1): warning C4828: The file contains a character starting at offset 0x12f that is illegal in the current source character set (codepage 65001).
C:\Users\User\Desktop\Projects\MultiStation\Platform\Source\Time\Time.cpp(1,1): warning C4828: The file contains a character starting at offset 0x133 that is illegal in the current source character set (codepage 65001).
C:\Users\User\Desktop\Projects\MultiStation\Platform\Source\Time\Time.cpp(1,1): warning C4828: The file contains a character starting at offset 0x13d that is illegal in the current source character set (codepage 65001).
C:\Users\User\Desktop\Projects\MultiStation\Platform\Source\Time\Time.cpp(1,1): warning C4828: The file contains a character starting at offset 0x141 that is illegal in the current source character set (codepage 65001).
C:\Users\User\Desktop\Projects\MultiStation\Platform\Source\Time\Time.cpp(1,1): warning C4828: The file contains a character starting at offset 0x144 that is illegal in the current source character set (codepage 65001).
C:\Users\User\Desktop\Projects\MultiStation\Platform\Source\Time\Time.cpp(1,1): warning C4828: The file contains a character starting at offset 0x147 that is illegal in the current source character set (codepage 65001).
C:\Users\User\Desktop\Projects\MultiStation\Platform\Source\Time\Time.cpp(1,1): warning C4828: The file contains a character starting at offset 0x14a that is illegal in the current source character set (codepage 65001).
C:\Users\User\Desktop\Projects\MultiStation\Platform\Source\Time\Time.cpp(1,1): warning C4828: The file contains a character starting at offset 0x14e that is illegal in the current source character set (codepage 65001).
C:\Users\User\Desktop\Projects\MultiStation\Platform\Source\Time\Time.cpp(1,1): warning C4828: The file contains a character starting at offset 0x151 that is illegal in the current source character set (codepage 65001).
C:\Users\User\Desktop\Projects\MultiStation\Platform\Source\Time\Time.cpp(1,1): warning C4828: The file contains a character starting at offset 0x154 that is illegal in the current source character set (codepage 65001).
C:\Users\User\Desktop\Projects\MultiStation\Platform\Source\Time\Time.cpp(1,1): warning C4828: The file contains a character starting at offset 0x158 that is illegal in the current source character set (codepage 65001).
C:\Users\User\Desktop\Projects\MultiStation\Platform\Source\Time\Time.cpp(1,1): warning C4828: The file contains a character starting at offset 0x275 that is illegal in the current source character set (codepage 65001).
C:\Users\User\Desktop\Projects\MultiStation\Platform\Source\Time\Time.cpp(1,1): warning C4828: The file contains a character starting at offset 0x278 that is illegal in the current source character set (codepage 65001).
C:\Users\User\Desktop\Projects\MultiStation\Platform\Source\Time\Time.cpp(1,1): warning C4828: The file contains a character starting at offset 0x27c that is illegal in the current source character set (codepage 65001).
C:\Users\User\Desktop\Projects\MultiStation\Platform\Source\Time\Time.cpp(1,1): warning C4828: The file contains a character starting at offset 0x289 that is illegal in the current source character set (codepage 65001).
  Platform.vcxproj -> C:\Users\User\Desktop\Projects\MultiStation\Platform\Library\Release\Win32\Platform.lib
